--------- beginning of main
10-16 14:18:48.030 22630 22630 D VpnService: VpnService onCreate
10-16 14:18:48.032 22630 22630 D VpnService: onStartCommand: com.example.demo2.vpn.START
10-16 14:18:48.032 22630 22630 D VpnService: å¯åŠ¨ VPN...
10-16 14:18:48.032 22630 22630 D VpnService: é…ç½®é•¿åº¦: 1251 å­—ç¬¦
10-16 14:18:48.032 22630 22630 D VpnService: ðŸ” æ£€æŸ¥è§„åˆ™æ–‡ä»¶...
10-16 14:18:48.032 22630 22630 D VpnService:    å·¥ä½œç›®å½•: /data/user/0/com.example.demo2/files/sing-box/run
10-16 14:18:48.032 22630 22630 D VpnService:    âœ… geosite-private.srs (723 å­—èŠ‚)
10-16 14:18:48.032 22630 22630 D VpnService:    âœ… geosite-cn.srs (425648 å­—èŠ‚)
10-16 14:18:48.032 22630 22630 D VpnService:    âœ… geoip-cn.srs (77031 å­—èŠ‚)
10-16 14:18:48.037 22630 22630 D VpnService: ðŸ“¦ åˆ›å»º sing-box å®žä¾‹...
10-16 14:18:48.051 22630 22630 D VpnService: ðŸš€ å¯åŠ¨ sing-box...
10-16 14:18:48.070 22630 22630 D sing-box: [36mINFO[0m[0000] network: updated available networks: wlan0 (wifi)
10-16 14:18:48.070 22630 22630 D sing-box: [36mINFO[0m[0000] network: updated default interface wlan0, index 13, type wifi
10-16 14:18:48.085 22630 22630 D sing-box: [36mINFO[0m[0000] inbound/tun[tun-in]: started at tun0
10-16 14:18:48.086 22630 22630 D sing-box: [33mWARN[0m[0000] inbound/tun[tun-in]: bind forwarder to interface: operation not permitted
10-16 14:18:48.086 22630 22630 D sing-box: [33mWARN[0m[0000] inbound/tun[tun-in]: bind forwarder to interface: operation not permitted
10-16 14:18:48.090 22630 22630 D sing-box: [36mINFO[0m[0000] clash-api: restful api listening at 127.0.0.1:9090
10-16 14:18:48.090 22630 22630 D sing-box: [36mINFO[0m[0000] sing-box started (0.44s)
10-16 14:18:48.090 22630 22630 D VpnService: âœ… VPN å¯åŠ¨æˆåŠŸ
10-16 14:18:48.103 22630 22704 D sing-box: [36mINFO[0m[0000] [[38;5;105m1299951449[0m 0ms] inbound/tun[tun-in]: inbound connection from 172.19.0.1:40566
10-16 14:18:48.103 22630 22704 D sing-box: [36mINFO[0m[0000] [[38;5;105m1299951449[0m 0ms] inbound/tun[tun-in]: inbound connection to 142.250.73.74:443
10-16 14:18:48.109 22630 22704 D sing-box: [36mINFO[0m[0000] [[38;5;218m2982586058[0m 0ms] inbound/tun[tun-in]: inbound connection from 172.19.0.1:40568
10-16 14:18:48.109 22630 22704 D sing-box: [36mINFO[0m[0000] [[38;5;218m2982586058[0m 0ms] inbound/tun[tun-in]: inbound connection to 142.250.73.74:443
10-16 14:18:48.109 22630 22704 D sing-box: [36mINFO[0m[0000] [[38;5;132m1730440052[0m 0ms] inbound/tun[tun-in]: inbound connection from 172.19.0.1:40570
10-16 14:18:48.109 22630 22704 D sing-box: [36mINFO[0m[0000] [[38;5;132m1730440052[0m 0ms] inbound/tun[tun-in]: inbound connection to 142.250.73.74:443
10-16 14:18:48.110 22630 22703 D sing-box: [36mINFO[0m[0000] [[38;5;119m3352920944[0m 0ms] inbound/tun[tun-in]: inbound connection from [fdfe:dcba:9876::1]:45030
10-16 14:18:48.110 22630 22703 D sing-box: [36mINFO[0m[0000] [[38;5;119m3352920944[0m 0ms] inbound/tun[tun-in]: inbound connection to [2001::1]:443
10-16 14:18:48.112 22630 22702 D sing-box: [36mINFO[0m[0000] [[38;5;47m740461087[0m 0ms] inbound/tun[tun-in]: inbound connection from 172.19.0.1:40574
10-16 14:18:48.112 22630 22702 D sing-box: [36mINFO[0m[0000] [[38;5;47m740461087[0m 0ms] inbound/tun[tun-in]: inbound connection to 142.250.73.74:443
10-16 14:18:48.113 22630 22702 D sing-box: [36mINFO[0m[0000] [[38;5;122m2825529197[0m 0ms] inbound/tun[tun-in]: inbound connection from 172.19.0.1:40576
10-16 14:18:48.113 22630 22704 D sing-box: [36mINFO[0m[0000] [[38;5;154m597364618[0m 0ms] inbound/tun[tun-in]: inbound connection from 172.19.0.1:43150
10-16 14:18:48.113 22630 22702 D sing-box: [36mINFO[0m[0000] [[38;5;122m2825529197[0m 0ms] inbound/tun[tun-in]: inbound connection to 142.250.73.74:443
10-16 14:18:48.113 22630 22704 D sing-box: [36mINFO[0m[0000] [[38;5;154m597364618[0m 0ms] inbound/tun[tun-in]: inbound connection to 34.36.137.203:443
10-16 14:18:48.114 22630 22703 D sing-box: [36mINFO[0m[0000] [[38;5;177m2065853857[0m 0ms] inbound/tun[tun-in]: inbound connection from 172.19.0.1:43152
10-16 14:18:48.114 22630 22703 D sing-box: [36mINFO[0m[0000] [[38;5;177m2065853857[0m 0ms] inbound/tun[tun-in]: inbound connection to 34.36.137.203:443
10-16 14:18:48.114 22630 22703 D sing-box: [36mINFO[0m[0000] [[38;5;76m1186711612[0m 0ms] inbound/tun[tun-in]: inbound connection from 172.19.0.1:42624
10-16 14:18:48.114 22630 22703 D sing-box: [36mINFO[0m[0000] [[38;5;76m1186711612[0m 0ms] inbound/tun[tun-in]: inbound connection to 142.250.73.106:443
10-16 14:18:48.115 22630 22703 D sing-box: [36mINFO[0m[0000] [[38;5;71m4236798007[0m 0ms] inbound/tun[tun-in]: inbound connection from 172.19.0.1:43156
10-16 14:18:48.115 22630 22703 D sing-box: [36mINFO[0m[0000] [[38;5;71m4236798007[0m 0ms] inbound/tun[tun-in]: inbound connection to 34.36.137.203:443
10-16 14:18:48.116 22630 22702 D sing-box: [37mDEBUG[0m[0000] [[38;5;177m2065853857[0m 1ms] router: sniffed protocol: tls, domain: contile.services.mozilla.com
10-16 14:18:48.116 22630 22702 D sing-box: [36mINFO[0m[0000] [[38;5;177m2065853857[0m 2ms] outbound/hysteria2[proxy]: outbound connection to 34.36.137.203:443
10-16 14:18:48.116 22630 22702 D sing-box: [37mDEBUG[0m[0000] dns: lookup domain hyld.jsyd.plnode.xyz
10-16 14:18:48.116 22630 22702 D sing-box: [37mDEBUG[0m[0000] dns: match[1] domain=hyld.jsyd.plnode.xyz => route(dns-local)
10-16 14:18:48.117 22630 22685 D sing-box: [37mDEBUG[0m[0000] [[38;5;71m4236798007[0m 2ms] router: sniffed protocol: tls, domain: contile.services.mozilla.com
10-16 14:18:48.117 22630 22685 D sing-box: [36mINFO[0m[0000] [[38;5;71m4236798007[0m 2ms] outbound/hysteria2[proxy]: outbound connection to 34.36.137.203:443
10-16 14:18:48.117 22630 22685 D sing-box: [37mDEBUG[0m[0000] [[38;5;154m597364618[0m 4ms] router: sniffed protocol: tls, domain: contile.services.mozilla.com
10-16 14:18:48.118 22630 22685 D sing-box: [36mINFO[0m[0000] [[38;5;154m597364618[0m 4ms] outbound/hysteria2[proxy]: outbound connection to 34.36.137.203:443
10-16 14:18:48.118 22630 22681 D sing-box: [37mDEBUG[0m[0000] [[38;5;119m3352920944[0m 7ms] router: sniffed protocol: tls, domain: www.google.com
10-16 14:18:48.118 22630 22681 D sing-box: [36mINFO[0m[0000] [[38;5;119m3352920944[0m 7ms] outbound/hysteria2[proxy]: outbound connection to [2001::1]:443
10-16 14:18:48.119 22630 22701 D sing-box: [37mDEBUG[0m[0000] [[38;5;105m1299951449[0m 16ms] router: sniffed protocol: tls, domain: android.googleapis.com
10-16 14:18:48.119 22630 22701 D sing-box: [36mINFO[0m[0000] [[38;5;105m1299951449[0m 16ms] outbound/hysteria2[proxy]: outbound connection to 142.250.73.74:443
10-16 14:18:48.120 22630 22681 D sing-box: [37mDEBUG[0m[0000] [[38;5;218m2982586058[0m 11ms] router: sniffed protocol: tls, domain: android.googleapis.com
10-16 14:18:48.120 22630 22681 D sing-box: [36mINFO[0m[0000] [[38;5;218m2982586058[0m 11ms] outbound/hysteria2[proxy]: outbound connection to 142.250.73.74:443
10-16 14:18:48.123 22630 22681 D sing-box: [37mDEBUG[0m[0000] [[38;5;47m740461087[0m 11ms] router: sniffed protocol: tls, domain: content-autofill.googleapis.com
10-16 14:18:48.123 22630 22681 D sing-box: [36mINFO[0m[0000] [[38;5;47m740461087[0m 11ms] outbound/hysteria2[proxy]: outbound connection to 142.250.73.74:443
10-16 14:18:48.123 22630 22703 D sing-box: [37mDEBUG[0m[0000] [[38;5;76m1186711612[0m 9ms] router: sniffed protocol: tls, domain: android.googleapis.com
10-16 14:18:48.124 22630 22703 D sing-box: [36mINFO[0m[0000] [[38;5;76m1186711612[0m 9ms] outbound/hysteria2[proxy]: outbound connection to 142.250.73.106:443
10-16 14:18:48.125 22630 22701 D sing-box: [37mDEBUG[0m[0000] [[38;5;132m1730440052[0m 14ms] router: sniffed protocol: tls, domain: content-autofill.googleapis.com
10-16 14:18:48.125 22630 22701 D sing-box: [36mINFO[0m[0000] [[38;5;132m1730440052[0m 16ms] outbound/hysteria2[proxy]: outbound connection to 142.250.73.74:443
10-16 14:18:48.127 22630 22704 D sing-box: [37mDEBUG[0m[0000] [[38;5;122m2825529197[0m 14ms] router: sniffed protocol: tls, domain: content-autofill.googleapis.com
10-16 14:18:48.127 22630 22704 D sing-box: [36mINFO[0m[0000] [[38;5;122m2825529197[0m 14ms] outbound/hysteria2[proxy]: outbound connection to 142.250.73.74:443
10-16 14:18:48.130 22630 22681 D sing-box: [36mINFO[0m[0000] [[38;5;46m3498771230[0m 0ms] inbound/tun[tun-in]: inbound packet connection from 172.19.0.1:27521
10-16 14:18:48.130 22630 22681 D sing-box: [36mINFO[0m[0000] [[38;5;46m3498771230[0m 0ms] inbound/tun[tun-in]: inbound packet connection to 172.19.0.2:53
10-16 14:18:48.130 22630 22701 D sing-box: [36mINFO[0m[0000] [[38;5;44m389383452[0m 0ms] inbound/tun[tun-in]: inbound packet connection from 172.19.0.1:26587
10-16 14:18:48.130 22630 22701 D sing-box: [36mINFO[0m[0000] [[38;5;44m389383452[0m 0ms] inbound/tun[tun-in]: inbound packet connection to 172.19.0.2:53
10-16 14:18:48.130 22630 22701 D sing-box: [37mDEBUG[0m[0000] [[38;5;44m389383452[0m 0ms] router: sniffed packet protocol: dns
10-16 14:18:48.130 22630 22701 D sing-box: [37mDEBUG[0m[0000] [[38;5;44m389383452[0m 0ms] router: match[0] protocol=dns => hijack-dns
10-16 14:18:48.130 22630 22701 D sing-box: [37mDEBUG[0m[0000] [[38;5;44m389383452[0m 0ms] dns: exchange hyld.jsyd.plnode.xyz. IN A
10-16 14:18:48.130 22630 22701 D sing-box: [37mDEBUG[0m[0000] [[38;5;44m389383452[0m 0ms] dns: match[1] domain=hyld.jsyd.plnode.xyz => route(dns-local)
10-16 14:18:48.131 22630 22681 D sing-box: [37mDEBUG[0m[0000] [[38;5;46m3498771230[0m 0ms] router: sniffed packet protocol: dns
10-16 14:18:48.131 22630 22681 D sing-box: [37mDEBUG[0m[0000] [[38;5;46m3498771230[0m 1ms] router: match[0] protocol=dns => hijack-dns
10-16 14:18:48.131 22630 22681 D sing-box: [37mDEBUG[0m[0000] [[38;5;46m3498771230[0m 1ms] dns: exchange hyld.jsyd.plnode.xyz. IN AAAA
10-16 14:18:48.131 22630 22681 D sing-box: [37mDEBUG[0m[0000] [[38;5;46m3498771230[0m 1ms] dns: match[1] domain=hyld.jsyd.plnode.xyz => route(dns-local)
10-16 14:18:48.134 22630 22704 D sing-box: [36mINFO[0m[0000] [[38;5;118m583941489[0m 0ms] inbound/tun[tun-in]: inbound packet connection from 172.19.0.1:3197
10-16 14:18:48.134 22630 22704 D sing-box: [36mINFO[0m[0000] [[38;5;118m583941489[0m 0ms] inbound/tun[tun-in]: inbound packet connection to 172.19.0.2:53
10-16 14:18:48.134 22630 22704 D sing-box: [37mDEBUG[0m[0000] [[38;5;118m583941489[0m 0ms] router: sniffed packet protocol: dns
10-16 14:18:48.134 22630 22704 D sing-box: [37mDEBUG[0m[0000] [[38;5;118m583941489[0m 0ms] router: match[0] protocol=dns => hijack-dns
10-16 14:18:48.134 22630 22704 D sing-box: [37mDEBUG[0m[0000] [[38;5;118m583941489[0m 0ms] dns: exchange alt8-mtalk.google.com. IN AAAA
10-16 14:18:48.135 22630 22704 D sing-box: [36mINFO[0m[0000] [[38;5;118m583941489[0m 0ms] outbound/hysteria2[proxy]: outbound connection to 1.1.1.1:443
10-16 14:18:48.137 22630 22688 D sing-box: [36mINFO[0m[0000] [[38;5;157m317615178[0m 0ms] inbound/tun[tun-in]: inbound packet connection from 172.19.0.1:49723
10-16 14:18:48.137 22630 22688 D sing-box: [36mINFO[0m[0000] [[38;5;157m317615178[0m 0ms] inbound/tun[tun-in]: inbound packet connection to 172.19.0.2:53
10-16 14:18:48.137 22630 22688 D sing-box: [37mDEBUG[0m[0000] [[38;5;157m317615178[0m 0ms] router: sniffed packet protocol: dns
10-16 14:18:48.137 22630 22688 D sing-box: [37mDEBUG[0m[0000] [[38;5;157m317615178[0m 0ms] router: match[0] protocol=dns => hijack-dns
10-16 14:18:48.137 22630 22688 D sing-box: [37mDEBUG[0m[0000] [[38;5;157m317615178[0m 0ms] dns: exchange alt8-mtalk.google.com. IN A
10-16 14:18:48.175 22630 22701 D sing-box: [36mINFO[0m[0000] [[38;5;31m2263661839[0m 0ms] inbound/tun[tun-in]: inbound connection from 172.19.0.1:38280
10-16 14:18:48.175 22630 22701 D sing-box: [36mINFO[0m[0000] [[38;5;31m2263661839[0m 0ms] inbound/tun[tun-in]: inbound connection to 142.250.69.170:443
10-16 14:18:48.180 22630 22704 D sing-box: [37mDEBUG[0m[0000] [[38;5;31m2263661839[0m 5ms] router: sniffed protocol: tls, domain: content-autofill.googleapis.com
10-16 14:18:48.180 22630 22704 D sing-box: [36mINFO[0m[0000] [[38;5;31m2263661839[0m 5ms] outbound/hysteria2[proxy]: outbound connection to 142.250.69.170:443
10-16 14:18:48.205 22630 22703 D sing-box: [36mINFO[0m[0000] [[38;5;119m2766050416[0m 0ms] inbound/tun[tun-in]: inbound connection from 172.19.0.1:39904
10-16 14:18:48.205 22630 22703 D sing-box: [36mINFO[0m[0000] [[38;5;119m2766050416[0m 0ms] inbound/tun[tun-in]: inbound connection to 114.247.154.2:443
10-16 14:18:48.215 22630 22701 D sing-box: [36mINFO[0m[0000] [[38;5;119m2766050416[0m 9ms] outbound/hysteria2[proxy]: outbound connection to 114.247.154.2:443
10-16 14:18:49.107 22630 22703 D sing-box: [36mINFO[0m[0001] [[38;5;38m90117869[0m 0ms] inbound/tun[tun-in]: inbound connection from 192.168.110.23:46254
10-16 14:18:49.107 22630 22703 D sing-box: [36mINFO[0m[0001] [[38;5;38m90117869[0m 0ms] inbound/tun[tun-in]: inbound connection to 142.250.73.74:443
10-16 14:18:49.111 22630 22701 D sing-box: [37mDEBUG[0m[0001] [[38;5;38m90117869[0m 3ms] router: sniffed protocol: tls, domain: content-autofill.googleapis.com
10-16 14:18:49.111 22630 22701 D sing-box: [36mINFO[0m[0001] [[38;5;38m90117869[0m 3ms] outbound/hysteria2[proxy]: outbound connection to 142.250.73.74:443
10-16 14:18:50.308 22630 22681 D sing-box: [36mINFO[0m[0002] [[38;5;39m1160494574[0m 0ms] inbound/tun[tun-in]: inbound packet connection from 172.19.0.1:53218
10-16 14:18:50.309 22630 22681 D sing-box: [36mINFO[0m[0002] [[38;5;39m1160494574[0m 0ms] inbound/tun[tun-in]: inbound packet connection to 172.19.0.2:53
10-16 14:18:50.309 22630 22681 D sing-box: [37mDEBUG[0m[0002] [[38;5;39m1160494574[0m 1ms] router: sniffed packet protocol: dns
10-16 14:18:50.309 22630 22703 D sing-box: [36mINFO[0m[0002] [[38;5;28m1259527948[0m 3ms] inbound/tun[tun-in]: inbound packet connection from 172.19.0.1:4796
10-16 14:18:50.309 22630 22703 D sing-box: [36mINFO[0m[0002] [[38;5;28m1259527948[0m 3ms] inbound/tun[tun-in]: inbound packet connection to 172.19.0.2:53
10-16 14:18:50.310 22630 22681 D sing-box: [37mDEBUG[0m[0002] [[38;5;39m1160494574[0m 1ms] router: match[0] protocol=dns => hijack-dns
10-16 14:18:50.310 22630 22703 D sing-box: [37mDEBUG[0m[0002] [[38;5;28m1259527948[0m 3ms] router: sniffed packet protocol: dns
10-16 14:18:50.310 22630 22703 D sing-box: [37mDEBUG[0m[0002] [[38;5;28m1259527948[0m 4ms] router: match[0] protocol=dns => hijack-dns
10-16 14:18:50.310 22630 22688 D sing-box: [37mDEBUG[0m[0002] [[38;5;39m1160494574[0m 2ms] dns: exchange api.mcc.miui.com. IN A
10-16 14:18:50.310 22630 22703 D sing-box: [37mDEBUG[0m[0002] [[38;5;28m1259527948[0m 4ms] dns: exchange api.mcc.miui.com. IN AAAA
10-16 14:18:51.218 22630 22701 D sing-box: [36mINFO[0m[0003] [[38;5;38m1889774358[0m 0ms] inbound/tun[tun-in]: inbound packet connection from [fdfe:dcba:9876::1]:12584
10-16 14:18:51.219 22630 22701 D sing-box: [36mINFO[0m[0003] [[38;5;38m1889774358[0m 0ms] inbound/tun[tun-in]: inbound packet connection to [2408:824e:150f:b181::1]:53
10-16 14:18:51.219 22630 22701 D sing-box: [37mDEBUG[0m[0003] [[38;5;38m1889774358[0m 0ms] router: sniffed packet protocol: dns
10-16 14:18:51.219 22630 22701 D sing-box: [37mDEBUG[0m[0003] [[38;5;38m1889774358[0m 0ms] router: match[0] protocol=dns => hijack-dns
10-16 14:18:51.219 22630 22701 D sing-box: [37mDEBUG[0m[0003] [[38;5;38m1889774358[0m 0ms] dns: exchange content-autofill.googleapis.com. IN AAAA
10-16 14:18:51.219 22630 22681 D sing-box: [36mINFO[0m[0003] [[38;5;224m3085248720[0m 0ms] inbound/tun[tun-in]: inbound packet connection from 172.19.0.1:65281
10-16 14:18:51.219 22630 22681 D sing-box: [36mINFO[0m[0003] [[38;5;224m3085248720[0m 0ms] inbound/tun[tun-in]: inbound packet connection to 172.19.0.2:53
10-16 14:18:51.219 22630 22681 D sing-box: [37mDEBUG[0m[0003] [[38;5;224m3085248720[0m 0ms] router: sniffed packet protocol: dns
10-16 14:18:51.219 22630 22681 D sing-box: [37mDEBUG[0m[0003] [[38;5;224m3085248720[0m 0ms] router: match[0] protocol=dns => hijack-dns
10-16 14:18:51.220 22630 22681 D sing-box: [37mDEBUG[0m[0003] [[38;5;224m3085248720[0m 0ms] dns: exchange app.market.xiaomi.com. IN AAAA
10-16 14:18:51.221 22630 22681 D sing-box: [36mINFO[0m[0003] [[38;5;229m3550040277[0m 0ms] inbound/tun[tun-in]: inbound packet connection from [fdfe:dcba:9876::1]:40986
10-16 14:18:51.221 22630 22681 D sing-box: [36mINFO[0m[0003] [[38;5;229m3550040277[0m 0ms] inbound/tun[tun-in]: inbound packet connection to [2408:824e:150f:b181::1]:53
10-16 14:18:51.221 22630 22681 D sing-box: [37mDEBUG[0m[0003] [[38;5;229m3550040277[0m 0ms] router: sniffed packet protocol: dns
10-16 14:18:51.221 22630 22681 D sing-box: [37mDEBUG[0m[0003] [[38;5;229m3550040277[0m 0ms] router: match[0] protocol=dns => hijack-dns
10-16 14:18:51.221 22630 22681 D sing-box: [37mDEBUG[0m[0003] [[38;5;229m3550040277[0m 0ms] dns: exchange content-autofill.googleapis.com. IN A
10-16 14:18:51.223 22630 22688 D sing-box: [36mINFO[0m[0003] [[38;5;149m3200800389[0m 0ms] inbound/tun[tun-in]: inbound packet connection from 172.19.0.1:14087
10-16 14:18:51.224 22630 22688 D sing-box: [36mINFO[0m[0003] [[38;5;149m3200800389[0m 0ms] inbound/tun[tun-in]: inbound packet connection to 172.19.0.2:53
10-16 14:18:51.224 22630 22688 D sing-box: [37mDEBUG[0m[0003] [[38;5;149m3200800389[0m 0ms] router: sniffed packet protocol: dns
10-16 14:18:51.224 22630 22688 D sing-box: [37mDEBUG[0m[0003] [[38;5;149m3200800389[0m 0ms] router: match[0] protocol=dns => hijack-dns
10-16 14:18:51.224 22630 22688 D sing-box: [37mDEBUG[0m[0003] [[38;5;149m3200800389[0m 0ms] dns: exchange app.market.xiaomi.com. IN A
10-16 14:18:51.225 22630 22703 D sing-box: [36mINFO[0m[0003] [[38;5;118m1617969254[0m 0ms] inbound/tun[tun-in]: inbound packet connection from [fdfe:dcba:9876::1]:27153
10-16 14:18:51.225 22630 22703 D sing-box: [36mINFO[0m[0003] [[38;5;118m1617969254[0m 0ms] inbound/tun[tun-in]: inbound packet connection to [2408:824e:150f:b181::1]:53
10-16 14:18:51.225 22630 22703 D sing-box: [37mDEBUG[0m[0003] [[38;5;118m1617969254[0m 0ms] router: sniffed packet protocol: dns
10-16 14:18:51.225 22630 22703 D sing-box: [37mDEBUG[0m[0003] [[38;5;118m1617969254[0m 0ms] router: match[0] protocol=dns => hijack-dns
10-16 14:18:51.226 22630 22703 D sing-box: [37mDEBUG[0m[0003] [[38;5;118m1617969254[0m 1ms] dns: exchange content-autofill.googleapis.com. IN HTTPS
10-16 14:18:51.266 22630 22703 D sing-box: [36mINFO[0m[0003] [[38;5;40m4099793688[0m 0ms] inbound/tun[tun-in]: inbound packet connection from [fdfe:dcba:9876::1]:8180
10-16 14:18:51.266 22630 22703 D sing-box: [36mINFO[0m[0003] [[38;5;40m4099793688[0m 0ms] inbound/tun[tun-in]: inbound packet connection to [2408:824e:150f:b181::1]:53
10-16 14:18:51.266 22630 22703 D sing-box: [37mDEBUG[0m[0003] [[38;5;40m4099793688[0m 0ms] router: sniffed packet protocol: dns
10-16 14:18:51.266 22630 22703 D sing-box: [37mDEBUG[0m[0003] [[38;5;40m4099793688[0m 0ms] router: match[0] protocol=dns => hijack-dns
10-16 14:18:51.266 22630 22703 D sing-box: [37mDEBUG[0m[0003] [[38;5;40m4099793688[0m 0ms] dns: exchange www.baidu.com. IN A
10-16 14:18:51.266 22630 22703 D sing-box: [36mINFO[0m[0003] [[38;5;158m915062926[0m 0ms] inbound/tun[tun-in]: inbound packet connection from [fdfe:dcba:9876::1]:16304
10-16 14:18:51.266 22630 22703 D sing-box: [36mINFO[0m[0003] [[38;5;158m915062926[0m 0ms] inbound/tun[tun-in]: inbound packet connection to [2408:824e:150f:b181::1]:53
10-16 14:18:51.266 22630 22703 D sing-box: [37mDEBUG[0m[0003] [[38;5;158m915062926[0m 0ms] router: sniffed packet protocol: dns
10-16 14:18:51.266 22630 22703 D sing-box: [37mDEBUG[0m[0003] [[38;5;158m915062926[0m 0ms] router: match[0] protocol=dns => hijack-dns
10-16 14:18:51.266 22630 22703 D sing-box: [37mDEBUG[0m[0003] [[38;5;158m915062926[0m 0ms] dns: exchange www.baidu.com. IN AAAA
10-16 14:18:51.267 22630 22701 D sing-box: [36mINFO[0m[0003] [[38;5;49m2479478817[0m 0ms] inbound/tun[tun-in]: inbound packet connection from [fdfe:dcba:9876::1]:12834
10-16 14:18:51.267 22630 22701 D sing-box: [36mINFO[0m[0003] [[38;5;49m2479478817[0m 0ms] inbound/tun[tun-in]: inbound packet connection to [2408:824e:150f:b181::1]:53
10-16 14:18:51.267 22630 22681 D sing-box: [36mINFO[0m[0003] [[38;5;66m3835327026[0m 0ms] inbound/tun[tun-in]: inbound packet connection from [fdfe:dcba:9876::1]:15185
10-16 14:18:51.267 22630 22701 D sing-box: [37mDEBUG[0m[0003] [[38;5;49m2479478817[0m 0ms] router: sniffed packet protocol: dns
10-16 14:18:51.267 22630 22681 D sing-box: [36mINFO[0m[0003] [[38;5;66m3835327026[0m 0ms] inbound/tun[tun-in]: inbound packet connection to [2408:824e:150f:b181::1]:53
10-16 14:18:51.267 22630 22701 D sing-box: [37mDEBUG[0m[0003] [[38;5;49m2479478817[0m 0ms] router: match[0] protocol=dns => hijack-dns
10-16 14:18:51.267 22630 22701 D sing-box: [37mDEBUG[0m[0003] [[38;5;49m2479478817[0m 0ms] dns: exchange www.baidu.com. IN HTTPS
10-16 14:18:51.267 22630 22701 D sing-box: [36mINFO[0m[0003] [[38;5;185m1563851177[0m 0ms] inbound/tun[tun-in]: inbound packet connection from [fdfe:dcba:9876::1]:38853
10-16 14:18:51.267 22630 22701 D sing-box: [36mINFO[0m[0003] [[38;5;185m1563851177[0m 0ms] inbound/tun[tun-in]: inbound packet connection to [2408:824e:150f:b181::1]:53
10-16 14:18:51.267 22630 22703 D sing-box: [36mINFO[0m[0003] [[38;5;182m3187806118[0m 0ms] inbound/tun[tun-in]: inbound packet connection from [fdfe:dcba:9876::1]:17407
10-16 14:18:51.267 22630 22701 D sing-box: [37mDEBUG[0m[0003] [[38;5;185m1563851177[0m 0ms] router: sniffed packet protocol: dns
10-16 14:18:51.267 22630 22703 D sing-box: [36mINFO[0m[0003] [[38;5;182m3187806118[0m 0ms] inbound/tun[tun-in]: inbound packet connection to [2408:824e:150f:b181::1]:53
10-16 14:18:51.267 22630 22701 D sing-box: [37mDEBUG[0m[0003] [[38;5;185m1563851177[0m 0ms] router: match[0] protocol=dns => hijack-dns
10-16 14:18:51.267 22630 22703 D sing-box: [37mDEBUG[0m[0003] [[38;5;182m3187806118[0m 0ms] router: sniffed packet protocol: dns
10-16 14:18:51.267 22630 22701 D sing-box: [37mDEBUG[0m[0003] [[38;5;185m1563851177[0m 0ms] dns: exchange ms.bdstatic.com. IN AAAA
10-16 14:18:51.267 22630 22703 D sing-box: [37mDEBUG[0m[0003] [[38;5;182m3187806118[0m 0ms] router: match[0] protocol=dns => hijack-dns
10-16 14:18:51.267 22630 22688 D sing-box: [36mINFO[0m[0003] [[38;5;142m4293518718[0m 0ms] inbound/tun[tun-in]: inbound packet connection from [fdfe:dcba:9876::1]:50536
10-16 14:18:51.267 22630 22703 D sing-box: [37mDEBUG[0m[0003] [[38;5;182m3187806118[0m 0ms] dns: exchange s.bdstatic.com. IN AAAA
10-16 14:18:51.267 22630 22688 D sing-box: [36mINFO[0m[0003] [[38;5;142m4293518718[0m 0ms] inbound/tun[tun-in]: inbound packet connection to [2408:824e:150f:b181::1]:53
10-16 14:18:51.268 22630 22688 D sing-box: [37mDEBUG[0m[0003] [[38;5;142m4293518718[0m 0ms] router: sniffed packet protocol: dns
10-16 14:18:51.268 22630 22701 D sing-box: [36mINFO[0m[0003] [[38;5;132m3665362036[0m 0ms] inbound/tun[tun-in]: inbound packet connection from [fdfe:dcba:9876::1]:33702
10-16 14:18:51.268 22630 22688 D sing-box: [37mDEBUG[0m[0003] [[38;5;142m4293518718[0m 0ms] router: match[0] protocol=dns => hijack-dns
10-16 14:18:51.268 22630 22701 D sing-box: [36mINFO[0m[0003] [[38;5;132m3665362036[0m 0ms] inbound/tun[tun-in]: inbound packet connection to [2408:824e:150f:b181::1]:53
10-16 14:18:51.268 22630 22688 D sing-box: [37mDEBUG[0m[0003] [[38;5;142m4293518718[0m 0ms] dns: exchange ms.bdstatic.com. IN A
10-16 14:18:51.268 22630 22701 D sing-box: [37mDEBUG[0m[0003] [[38;5;132m3665362036[0m 0ms] router: sniffed packet protocol: dns
10-16 14:18:51.268 22630 22687 D sing-box: [36mINFO[0m[0003] [[38;5;195m751389363[0m 0ms] inbound/tun[tun-in]: inbound packet connection from [fdfe:dcba:9876::1]:47796
10-16 14:18:51.268 22630 22701 D sing-box: [37mDEBUG[0m[0003] [[38;5;132m3665362036[0m 0ms] router: match[0] protocol=dns => hijack-dns
10-16 14:18:51.268 22630 22687 D sing-box: [36mINFO[0m[0003] [[38;5;195m751389363[0m 0ms] inbound/tun[tun-in]: inbound packet connection to [2408:824e:150f:b181::1]:53
10-16 14:18:51.268 22630 22701 D sing-box: [37mDEBUG[0m[0003] [[38;5;132m3665362036[0m 0ms] dns: exchange s.bdstatic.com. IN HTTPS
10-16 14:18:51.268 22630 22687 D sing-box: [37mDEBUG[0m[0003] [[38;5;195m751389363[0m 0ms] router: sniffed packet protocol: dns
10-16 14:18:51.268 22630 22687 D sing-box: [37mDEBUG[0m[0003] [[38;5;195m751389363[0m 0ms] router: match[0] protocol=dns => hijack-dns
10-16 14:18:51.268 22630 22687 D sing-box: [37mDEBUG[0m[0003] [[38;5;195m751389363[0m 0ms] dns: exchange s.bdstatic.com. IN A
10-16 14:18:51.268 22630 22681 D sing-box: [37mDEBUG[0m[0003] [[38;5;66m3835327026[0m 0ms] router: sniffed packet protocol: dns
10-16 14:18:51.268 22630 22681 D sing-box: [37mDEBUG[0m[0003] [[38;5;66m3835327026[0m 1ms] router: match[0] protocol=dns => hijack-dns
10-16 14:18:51.268 22630 22681 D sing-box: [37mDEBUG[0m[0003] [[38;5;66m3835327026[0m 1ms] dns: exchange ms.bdstatic.com. IN HTTPS
10-16 14:18:51.318 22630 22703 D sing-box: [36mINFO[0m[0003] [[38;5;213m3904526533[0m 0ms] inbound/tun[tun-in]: inbound packet connection from 172.19.0.1:8892
10-16 14:18:51.318 22630 22703 D sing-box: [36mINFO[0m[0003] [[38;5;213m3904526533[0m 0ms] inbound/tun[tun-in]: inbound packet connection to 172.19.0.2:53
10-16 14:18:51.318 22630 22703 D sing-box: [37mDEBUG[0m[0003] [[38;5;213m3904526533[0m 0ms] router: sniffed packet protocol: dns
10-16 14:18:51.318 22630 22703 D sing-box: [37mDEBUG[0m[0003] [[38;5;213m3904526533[0m 0ms] router: match[0] protocol=dns => hijack-dns
10-16 14:18:51.318 22630 22703 D sing-box: [37mDEBUG[0m[0003] [[38;5;213m3904526533[0m 0ms] dns: exchange android.googleapis.com. IN AAAA
10-16 14:18:51.319 22630 22703 D sing-box: [36mINFO[0m[0003] [[38;5;76m2226254652[0m 0ms] inbound/tun[tun-in]: inbound packet connection from 172.19.0.1:43998
10-16 14:18:51.319 22630 22703 D sing-box: [36mINFO[0m[0003] [[38;5;76m2226254652[0m 0ms] inbound/tun[tun-in]: inbound packet connection to 172.19.0.2:53
10-16 14:18:51.319 22630 22703 D sing-box: [37mDEBUG[0m[0003] [[38;5;76m2226254652[0m 0ms] router: sniffed packet protocol: dns
10-16 14:18:51.319 22630 22703 D sing-box: [37mDEBUG[0m[0003] [[38;5;76m2226254652[0m 0ms] router: match[0] protocol=dns => hijack-dns
10-16 14:18:51.319 22630 22703 D sing-box: [37mDEBUG[0m[0003] [[38;5;76m2226254652[0m 0ms] dns: exchange content-autofill.googleapis.com. IN AAAA
10-16 14:18:51.320 22630 22703 D sing-box: [36mINFO[0m[0003] [[38;5;31m3975994598[0m 0ms] inbound/tun[tun-in]: inbound packet connection from 172.19.0.1:14242
10-16 14:18:51.320 22630 22703 D sing-box: [36mINFO[0m[0003] [[38;5;31m3975994598[0m 0ms] inbound/tun[tun-in]: inbound packet connection to 172.19.0.2:53
10-16 14:18:51.320 22630 22703 D sing-box: [37mDEBUG[0m[0003] [[38;5;31m3975994598[0m 0ms] router: sniffed packet protocol: dns
10-16 14:18:51.320 22630 22703 D sing-box: [37mDEBUG[0m[0003] [[38;5;31m3975994598[0m 0ms] router: match[0] protocol=dns => hijack-dns
10-16 14:18:51.320 22630 22703 D sing-box: [37mDEBUG[0m[0003] [[38;5;31m3975994598[0m 0ms] dns: exchange content-autofill.googleapis.com. IN A
10-16 14:18:51.320 22630 22688 D sing-box: [36mINFO[0m[0003] [[38;5;73m1959968313[0m 0ms] inbound/tun[tun-in]: inbound packet connection from 172.19.0.1:4449
10-16 14:18:51.320 22630 22688 D sing-box: [36mINFO[0m[0003] [[38;5;73m1959968313[0m 0ms] inbound/tun[tun-in]: inbound packet connection to 172.19.0.2:53
10-16 14:18:51.320 22630 22688 D sing-box: [37mDEBUG[0m[0003] [[38;5;73m1959968313[0m 0ms] router: sniffed packet protocol: dns
10-16 14:18:51.320 22630 22688 D sing-box: [37mDEBUG[0m[0003] [[38;5;73m1959968313[0m 0ms] router: match[0] protocol=dns => hijack-dns
10-16 14:18:51.321 22630 22688 D sing-box: [37mDEBUG[0m[0003] [[38;5;73m1959968313[0m 0ms] dns: exchange content-autofill.googleapis.com. IN HTTPS
10-16 14:18:51.322 22630 22687 D sing-box: [36mINFO[0m[0003] [[38;5;118m3326989425[0m 0ms] inbound/tun[tun-in]: inbound packet connection from 172.19.0.1:49022
10-16 14:18:51.322 22630 22687 D sing-box: [36mINFO[0m[0003] [[38;5;118m3326989425[0m 0ms] inbound/tun[tun-in]: inbound packet connection to 172.19.0.2:53
10-16 14:18:51.322 22630 22687 D sing-box: [37mDEBUG[0m[0003] [[38;5;118m3326989425[0m 0ms] router: sniffed packet protocol: dns
10-16 14:18:51.322 22630 22687 D sing-box: [37mDEBUG[0m[0003] [[38;5;118m3326989425[0m 0ms] router: match[0] protocol=dns => hijack-dns
10-16 14:18:51.323 22630 22687 D sing-box: [37mDEBUG[0m[0003] [[38;5;118m3326989425[0m 0ms] dns: exchange gss0.bdstatic.com. IN AAAA
10-16 14:18:51.323 22630 22688 D sing-box: [36mINFO[0m[0003] [[38;5;230m321911512[0m 0ms] inbound/tun[tun-in]: inbound packet connection from 172.19.0.1:63094
10-16 14:18:51.323 22630 22688 D sing-box: [36mINFO[0m[0003] [[38;5;230m321911512[0m 0ms] inbound/tun[tun-in]: inbound packet connection to 172.19.0.2:53
10-16 14:18:51.323 22630 22688 D sing-box: [37mDEBUG[0m[0003] [[38;5;230m321911512[0m 0ms] router: sniffed packet protocol: dns
10-16 14:18:51.323 22630 22688 D sing-box: [37mDEBUG[0m[0003] [[38;5;230m321911512[0m 0ms] router: match[0] protocol=dns => hijack-dns
10-16 14:18:51.323 22630 22688 D sing-box: [37mDEBUG[0m[0003] [[38;5;230m321911512[0m 0ms] dns: exchange gss0.bdstatic.com. IN A
10-16 14:18:51.324 22630 22687 D sing-box: [36mINFO[0m[0003] [[38;5;86m968133958[0m 0ms] inbound/tun[tun-in]: inbound packet connection from 172.19.0.1:17231
10-16 14:18:51.324 22630 22687 D sing-box: [36mINFO[0m[0003] [[38;5;86m968133958[0m 0ms] inbound/tun[tun-in]: inbound packet connection to 172.19.0.2:53
10-16 14:18:51.324 22630 22687 D sing-box: [37mDEBUG[0m[0003] [[38;5;86m968133958[0m 0ms] router: sniffed packet protocol: dns
10-16 14:18:51.324 22630 22687 D sing-box: [37mDEBUG[0m[0003] [[38;5;86m968133958[0m 0ms] router: match[0] protocol=dns => hijack-dns
10-16 14:18:51.324 22630 22687 D sing-box: [37mDEBUG[0m[0003] [[38;5;86m968133958[0m 0ms] dns: exchange android.googleapis.com. IN A
10-16 14:18:51.324 22630 22687 D sing-box: [36mINFO[0m[0003] [[38;5;206m3128124350[0m 0ms] inbound/tun[tun-in]: inbound packet connection from 172.19.0.1:50702
10-16 14:18:51.324 22630 22687 D sing-box: [36mINFO[0m[0003] [[38;5;206m3128124350[0m 0ms] inbound/tun[tun-in]: inbound packet connection to 172.19.0.2:53
10-16 14:18:51.324 22630 22687 D sing-box: [37mDEBUG[0m[0003] [[38;5;206m3128124350[0m 0ms] router: sniffed packet protocol: dns
10-16 14:18:51.324 22630 22687 D sing-box: [37mDEBUG[0m[0003] [[38;5;206m3128124350[0m 0ms] router: match[0] protocol=dns => hijack-dns
10-16 14:18:51.324 22630 22687 D sing-box: [37mDEBUG[0m[0003] [[38;5;206m3128124350[0m 0ms] dns: exchange gss0.bdstatic.com. IN HTTPS
10-16 14:18:51.325 22630 22687 D sing-box: [36mINFO[0m[0003] [[38;5;50m296602293[0m 0ms] inbound/tun[tun-in]: inbound packet connection from 172.19.0.1:47724
10-16 14:18:51.325 22630 22687 D sing-box: [36mINFO[0m[0003] [[38;5;50m296602293[0m 0ms] inbound/tun[tun-in]: inbound packet connection to 172.19.0.2:53
10-16 14:18:51.325 22630 22687 D sing-box: [37mDEBUG[0m[0003] [[38;5;50m296602293[0m 0ms] router: sniffed packet protocol: dns
10-16 14:18:51.325 22630 22687 D sing-box: [37mDEBUG[0m[0003] [[38;5;50m296602293[0m 0ms] router: match[0] protocol=dns => hijack-dns
10-16 14:18:51.325 22630 22687 D sing-box: [37mDEBUG[0m[0003] [[38;5;50m296602293[0m 0ms] dns: exchange sv.bdstatic.com. IN A
10-16 14:18:51.326 22630 22687 D sing-box: [36mINFO[0m[0003] [[38;5;33m44545000[0m 0ms] inbound/tun[tun-in]: inbound packet connection from 172.19.0.1:51559
10-16 14:18:51.326 22630 22687 D sing-box: [36mINFO[0m[0003] [[38;5;33m44545000[0m 0ms] inbound/tun[tun-in]: inbound packet connection to 172.19.0.2:53
10-16 14:18:51.326 22630 22687 D sing-box: [37mDEBUG[0m[0003] [[38;5;33m44545000[0m 0ms] router: sniffed packet protocol: dns
10-16 14:18:51.331 22630 22687 D sing-box: [37mDEBUG[0m[0003] [[38;5;33m44545000[0m 5ms] router: match[0] protocol=dns => hijack-dns
10-16 14:18:51.332 22630 22687 D sing-box: [37mDEBUG[0m[0003] [[38;5;33m44545000[0m 6ms] dns: exchange sv.bdstatic.com. IN AAAA
10-16 14:18:51.332 22630 22703 D sing-box: [36mINFO[0m[0003] [[38;5;111m3932978527[0m 0ms] inbound/tun[tun-in]: inbound packet connection from 172.19.0.1:7117
10-16 14:18:51.333 22630 22703 D sing-box: [36mINFO[0m[0003] [[38;5;111m3932978527[0m 0ms] inbound/tun[tun-in]: inbound packet connection to 172.19.0.2:53
10-16 14:18:51.333 22630 22703 D sing-box: [37mDEBUG[0m[0003] [[38;5;111m3932978527[0m 0ms] router: sniffed packet protocol: dns
10-16 14:18:51.333 22630 22703 D sing-box: [37mDEBUG[0m[0003] [[38;5;111m3932978527[0m 0ms] router: match[0] protocol=dns => hijack-dns
10-16 14:18:51.333 22630 22703 D sing-box: [37mDEBUG[0m[0003] [[38;5;111m3932978527[0m 1ms] dns: exchange sv.bdstatic.com. IN HTTPS
10-16 14:18:51.493 22630 22703 D sing-box: [36mINFO[0m[0003] [[38;5;114m2365832290[0m 0ms] inbound/tun[tun-in]: inbound packet connection from 172.19.0.1:37844
10-16 14:18:51.495 22630 22703 D sing-box: [36mINFO[0m[0003] [[38;5;114m2365832290[0m 0ms] inbound/tun[tun-in]: inbound packet connection to 172.19.0.2:53
10-16 14:18:51.495 22630 22703 D sing-box: [37mDEBUG[0m[0003] [[38;5;114m2365832290[0m 2ms] router: sniffed packet protocol: dns
10-16 14:18:51.497 22630 22703 D sing-box: [37mDEBUG[0m[0003] [[38;5;114m2365832290[0m 2ms] router: match[0] protocol=dns => hijack-dns
10-16 14:18:51.497 22630 22687 D sing-box: [36mINFO[0m[0003] [[38;5;76m3016619068[0m 0ms] inbound/tun[tun-in]: inbound packet connection from 172.19.0.1:12449
10-16 14:18:51.497 22630 22703 D sing-box: [37mDEBUG[0m[0003] [[38;5;114m2365832290[0m 3ms] dns: exchange ha.browser.miui.com. IN AAAA
10-16 14:18:51.497 22630 22687 D sing-box: [36mINFO[0m[0003] [[38;5;76m3016619068[0m 0ms] inbound/tun[tun-in]: inbound packet connection to 172.19.0.2:53
10-16 14:18:51.497 22630 22687 D sing-box: [37mDEBUG[0m[0003] [[38;5;76m3016619068[0m 0ms] router: sniffed packet protocol: dns
10-16 14:18:51.497 22630 22687 D sing-box: [37mDEBUG[0m[0003] [[38;5;76m3016619068[0m 0ms] router: match[0] protocol=dns => hijack-dns
10-16 14:18:51.497 22630 22687 D sing-box: [37mDEBUG[0m[0003] [[38;5;76m3016619068[0m 1ms] dns: exchange ha.browser.miui.com. IN A
10-16 14:18:51.876 22630 22703 D sing-box: [36mINFO[0m[0003] [[38;5;179m2638331043[0m 0ms] inbound/tun[tun-in]: inbound packet connection from 172.19.0.1:26725
10-16 14:18:51.876 22630 22703 D sing-box: [36mINFO[0m[0003] [[38;5;179m2638331043[0m 0ms] inbound/tun[tun-in]: inbound packet connection to 172.19.0.2:53
10-16 14:18:51.876 22630 22688 D sing-box: [36mINFO[0m[0003] [[38;5;84m1404315204[0m 0ms] inbound/tun[tun-in]: inbound packet connection from 172.19.0.1:32431
10-16 14:18:51.876 22630 22703 D sing-box: [37mDEBUG[0m[0003] [[38;5;179m2638331043[0m 0ms] router: sniffed packet protocol: dns
10-16 14:18:51.876 22630 22688 D sing-box: [36mINFO[0m[0003] [[38;5;84m1404315204[0m 0ms] inbound/tun[tun-in]: inbound packet connection to 172.19.0.2:53
10-16 14:18:51.876 22630 22703 D sing-box: [37mDEBUG[0m[0003] [[38;5;179m2638331043[0m 0ms] router: match[0] protocol=dns => hijack-dns
10-16 14:18:51.876 22630 22703 D sing-box: [37mDEBUG[0m[0003] [[38;5;179m2638331043[0m 0ms] dns: exchange h2tcbox.baidu.com. IN AAAA
10-16 14:18:51.876 22630 22688 D sing-box: [37mDEBUG[0m[0003] [[38;5;84m1404315204[0m 0ms] router: sniffed packet protocol: dns
10-16 14:18:51.877 22630 22688 D sing-box: [37mDEBUG[0m[0003] [[38;5;84m1404315204[0m 0ms] router: match[0] protocol=dns => hijack-dns
10-16 14:18:51.877 22630 22688 D sing-box: [37mDEBUG[0m[0003] [[38;5;84m1404315204[0m 1ms] dns: exchange h2tcbox.baidu.com. IN A
10-16 14:18:51.877 22630 22687 D sing-box: [36mINFO[0m[0003] [[38;5;109m3735801693[0m 0ms] inbound/tun[tun-in]: inbound packet connection from 172.19.0.1:23740
10-16 14:18:51.877 22630 22687 D sing-box: [36mINFO[0m[0003] [[38;5;109m3735801693[0m 0ms] inbound/tun[tun-in]: inbound packet connection to 172.19.0.2:53
10-16 14:18:51.878 22630 22687 D sing-box: [37mDEBUG[0m[0003] [[38;5;109m3735801693[0m 0ms] router: sniffed packet protocol: dns
10-16 14:18:51.878 22630 22687 D sing-box: [37mDEBUG[0m[0003] [[38;5;109m3735801693[0m 0ms] router: match[0] protocol=dns => hijack-dns
10-16 14:18:51.878 22630 22687 D sing-box: [37mDEBUG[0m[0003] [[38;5;109m3735801693[0m 0ms] dns: exchange h2tcbox.baidu.com. IN HTTPS
10-16 14:18:52.077 22630 22704 D sing-box: [36mINFO[0m[0004] [[38;5;47m1452402934[0m 0ms] inbound/tun[tun-in]: inbound packet connection from 172.19.0.1:17447
10-16 14:18:52.077 22630 22704 D sing-box: [36mINFO[0m[0004] [[38;5;47m1452402934[0m 0ms] inbound/tun[tun-in]: inbound packet connection to 172.19.0.2:53
10-16 14:18:52.077 22630 22704 D sing-box: [37mDEBUG[0m[0004] [[38;5;47m1452402934[0m 0ms] router: sniffed packet protocol: dns
10-16 14:18:52.078 22630 22704 D sing-box: [37mDEBUG[0m[0004] [[38;5;47m1452402934[0m 1ms] router: match[0] protocol=dns => hijack-dns
10-16 14:18:52.078 22630 22703 D sing-box: [37mDEBUG[0m[0004] [[38;5;47m1452402934[0m 1ms] dns: exchange afdconf.baidu.com. IN AAAA
10-16 14:18:52.078 22630 22687 D sing-box: [36mINFO[0m[0004] [[38;5;221m2812076513[0m 0ms] inbound/tun[tun-in]: inbound packet connection from 172.19.0.1:12164
10-16 14:18:52.079 22630 22687 D sing-box: [36mINFO[0m[0004] [[38;5;221m2812076513[0m 0ms] inbound/tun[tun-in]: inbound packet connection to 172.19.0.2:53
10-16 14:18:52.079 22630 22687 D sing-box: [37mDEBUG[0m[0004] [[38;5;221m2812076513[0m 0ms] router: sniffed packet protocol: dns
10-16 14:18:52.079 22630 22687 D sing-box: [37mDEBUG[0m[0004] [[38;5;221m2812076513[0m 0ms] router: match[0] protocol=dns => hijack-dns
10-16 14:18:52.080 22630 22687 D sing-box: [37mDEBUG[0m[0004] [[38;5;221m2812076513[0m 0ms] dns: exchange afdconf.baidu.com. IN A
10-16 14:18:52.128 22630 22687 D sing-box: [36mINFO[0m[0004] [[38;5;68m4157508404[0m 0ms] inbound/tun[tun-in]: inbound packet connection from 172.19.0.1:4945
10-16 14:18:52.128 22630 22687 D sing-box: [36mINFO[0m[0004] [[38;5;68m4157508404[0m 0ms] inbound/tun[tun-in]: inbound packet connection to 172.19.0.2:53
10-16 14:18:52.128 22630 22687 D sing-box: [37mDEBUG[0m[0004] [[38;5;68m4157508404[0m 0ms] router: sniffed packet protocol: dns
10-16 14:18:52.129 22630 22687 D sing-box: [37mDEBUG[0m[0004] [[38;5;68m4157508404[0m 0ms] router: match[0] protocol=dns => hijack-dns
10-16 14:18:52.129 22630 22687 D sing-box: [37mDEBUG[0m[0004] [[38;5;68m4157508404[0m 0ms] dns: exchange pn.baidu.com. IN AAAA
10-16 14:18:52.131 22630 22703 D sing-box: [36mINFO[0m[0004] [[38;5;204m1505485244[0m 0ms] inbound/tun[tun-in]: inbound packet connection from 172.19.0.1:63317
10-16 14:18:52.132 22630 22703 D sing-box: [36mINFO[0m[0004] [[38;5;204m1505485244[0m 0ms] inbound/tun[tun-in]: inbound packet connection to 172.19.0.2:53
10-16 14:18:52.132 22630 22703 D sing-box: [37mDEBUG[0m[0004] [[38;5;204m1505485244[0m 1ms] router: sniffed packet protocol: dns
10-16 14:18:52.132 22630 22703 D sing-box: [37mDEBUG[0m[0004] [[38;5;204m1505485244[0m 1ms] router: match[0] protocol=dns => hijack-dns
10-16 14:18:52.132 22630 22703 D sing-box: [37mDEBUG[0m[0004] [[38;5;204m1505485244[0m 1ms] dns: exchange pn.baidu.com. IN A
10-16 14:18:52.271 22630 22703 D sing-box: [36mINFO[0m[0004] [[38;5;100m2731194708[0m 0ms] inbound/tun[tun-in]: inbound packet connection from 172.19.0.1:32178
10-16 14:18:52.271 22630 22703 D sing-box: [36mINFO[0m[0004] [[38;5;100m2731194708[0m 0ms] inbound/tun[tun-in]: inbound packet connection to 172.19.0.2:53
10-16 14:18:52.272 22630 22703 D sing-box: [37mDEBUG[0m[0004] [[38;5;100m2731194708[0m 0ms] router: sniffed packet protocol: dns
10-16 14:18:52.272 22630 22703 D sing-box: [37mDEBUG[0m[0004] [[38;5;100m2731194708[0m 0ms] router: match[0] protocol=dns => hijack-dns
10-16 14:18:52.272 22630 22703 D sing-box: [37mDEBUG[0m[0004] [[38;5;100m2731194708[0m 0ms] dns: exchange www.baidu.com. IN AAAA
10-16 14:18:52.272 22630 22704 D sing-box: [36mINFO[0m[0004] [[38;5;224m4099115998[0m 0ms] inbound/tun[tun-in]: inbound packet connection from 172.19.0.1:55386
10-16 14:18:52.272 22630 22703 D sing-box: [36mINFO[0m[0004] [[38;5;86m2444128913[0m 0ms] inbound/tun[tun-in]: inbound packet connection from 172.19.0.1:22449
10-16 14:18:52.273 22630 22703 D sing-box: [36mINFO[0m[0004] [[38;5;86m2444128913[0m 0ms] inbound/tun[tun-in]: inbound packet connection to 172.19.0.2:53
10-16 14:18:52.273 22630 22703 D sing-box: [37mDEBUG[0m[0004] [[38;5;86m2444128913[0m 0ms] router: sniffed packet protocol: dns
10-16 14:18:52.273 22630 22703 D sing-box: [37mDEBUG[0m[0004] [[38;5;86m2444128913[0m 0ms] router: match[0] protocol=dns => hijack-dns
10-16 14:18:52.273 22630 22704 D sing-box: [36mINFO[0m[0004] [[38;5;224m4099115998[0m 0ms] inbound/tun[tun-in]: inbound packet connection to 172.19.0.2:53
10-16 14:18:52.273 22630 22703 D sing-box: [37mDEBUG[0m[0004] [[38;5;86m2444128913[0m 0ms] dns: exchange www.baidu.com. IN HTTPS
10-16 14:18:52.273 22630 22704 D sing-box: [37mDEBUG[0m[0004] [[38;5;224m4099115998[0m 0ms] router: sniffed packet protocol: dns
10-16 14:18:52.273 22630 22704 D sing-box: [37mDEBUG[0m[0004] [[38;5;224m4099115998[0m 1ms] router: match[0] protocol=dns => hijack-dns
10-16 14:18:52.274 22630 22704 D sing-box: [37mDEBUG[0m[0004] [[38;5;224m4099115998[0m 1ms] dns: exchange www.baidu.com. IN A
10-16 14:18:52.332 22630 22687 D sing-box: [36mINFO[0m[0004] [[38;5;194m3813660412[0m 0ms] inbound/tun[tun-in]: inbound packet connection from 172.19.0.1:39288
10-16 14:18:52.332 22630 22688 D sing-box: [36mINFO[0m[0004] [[38;5;166m4066676630[0m 0ms] inbound/tun[tun-in]: inbound packet connection from 172.19.0.1:59263
10-16 14:18:52.333 22630 22687 D sing-box: [36mINFO[0m[0004] [[38;5;194m3813660412[0m 0ms] inbound/tun[tun-in]: inbound packet connection to 172.19.0.2:53
10-16 14:18:52.333 22630 22703 D sing-box: [36mINFO[0m[0004] [[38;5;86m872064070[0m 0ms] inbound/tun[tun-in]: inbound packet connection from 172.19.0.1:56644
10-16 14:18:52.333 22630 22703 D sing-box: [36mINFO[0m[0004] [[38;5;86m872064070[0m 0ms] inbound/tun[tun-in]: inbound packet connection to 172.19.0.2:53
10-16 14:18:52.333 22630 22688 D sing-box: [36mINFO[0m[0004] [[38;5;166m4066676630[0m 0ms] inbound/tun[tun-in]: inbound packet connection to 172.19.0.2:53
10-16 14:18:52.333 22630 22703 D sing-box: [37mDEBUG[0m[0004] [[38;5;86m872064070[0m 0ms] router: sniffed packet protocol: dns
10-16 14:18:52.333 22630 22687 D sing-box: [37mDEBUG[0m[0004] [[38;5;194m3813660412[0m 0ms] router: sniffed packet protocol: dns
10-16 14:18:52.333 22630 22703 D sing-box: [37mDEBUG[0m[0004] [[38;5;86m872064070[0m 0ms] router: match[0] protocol=dns => hijack-dns
10-16 14:18:52.333 22630 22688 D sing-box: [37mDEBUG[0m[0004] [[38;5;166m4066676630[0m 0ms] router: sniffed packet protocol: dns
10-16 14:18:52.333 22630 22687 D sing-box: [37mDEBUG[0m[0004] [[38;5;194m3813660412[0m 0ms] router: match[0] protocol=dns => hijack-dns
10-16 14:18:52.333 22630 22703 D sing-box: [37mDEBUG[0m[0004] [[38;5;86m872064070[0m 0ms] dns: exchange gss0.bdstatic.com. IN AAAA
10-16 14:18:52.333 22630 22688 D sing-box: [37mDEBUG[0m[0004] [[38;5;166m4066676630[0m 0ms] router: match[0] protocol=dns => hijack-dns
10-16 14:18:52.333 22630 22687 D sing-box: [37mDEBUG[0m[0004] [[38;5;194m3813660412[0m 0ms] dns: exchange content-autofill.googleapis.com. IN A
10-16 14:18:52.333 22630 22703 D sing-box: [36mINFO[0m[0004] [[38;5;136m1400272760[0m 0ms] inbound/tun[tun-in]: inbound packet connection from 172.19.0.1:31539
10-16 14:18:52.333 22630 22688 D sing-box: [37mDEBUG[0m[0004] [[38;5;166m4066676630[0m 1ms] dns: exchange content-autofill.googleapis.com. IN AAAA
10-16 14:18:52.333 22630 22703 D sing-box: [36mINFO[0m[0004] [[38;5;136m1400272760[0m 0ms] inbound/tun[tun-in]: inbound packet connection to 172.19.0.2:53
10-16 14:18:52.333 22630 22703 D sing-box: [37mDEBUG[0m[0004] [[38;5;136m1400272760[0m 0ms] router: sniffed packet protocol: dns
10-16 14:18:52.333 22630 22703 D sing-box: [37mDEBUG[0m[0004] [[38;5;136m1400272760[0m 0ms] router: match[0] protocol=dns => hijack-dns
10-16 14:18:52.333 22630 22704 D sing-box: [36mINFO[0m[0004] [[38;5;159m227663688[0m 0ms] inbound/tun[tun-in]: inbound packet connection from 172.19.0.1:22884
10-16 14:18:52.333 22630 22703 D sing-box: [37mDEBUG[0m[0004] [[38;5;136m1400272760[0m 0ms] dns: exchange gss0.bdstatic.com. IN A
10-16 14:18:52.334 22630 22704 D sing-box: [36mINFO[0m[0004] [[38;5;159m227663688[0m 1ms] inbound/tun[tun-in]: inbound packet connection to 172.19.0.2:53
10-16 14:18:52.334 22630 22704 D sing-box: [37mDEBUG[0m[0004] [[38;5;159m227663688[0m 1ms] router: sniffed packet protocol: dns
10-16 14:18:52.334 22630 22704 D sing-box: [37mDEBUG[0m[0004] [[38;5;159m227663688[0m 1ms] router: match[0] protocol=dns => hijack-dns
10-16 14:18:52.334 22630 22704 D sing-box: [37mDEBUG[0m[0004] [[38;5;159m227663688[0m 1ms] dns: exchange content-autofill.googleapis.com. IN HTTPS
10-16 14:18:52.335 22630 22687 D sing-box: [36mINFO[0m[0004] [[38;5;35m3820056554[0m 0ms] inbound/tun[tun-in]: inbound packet connection from 172.19.0.1:6973
10-16 14:18:52.335 22630 22687 D sing-box: [36mINFO[0m[0004] [[38;5;35m3820056554[0m 0ms] inbound/tun[tun-in]: inbound packet connection to 172.19.0.2:53
10-16 14:18:52.335 22630 22688 D sing-box: [36mINFO[0m[0004] [[38;5;210m2483726786[0m 0ms] inbound/tun[tun-in]: inbound packet connection from 172.19.0.1:41517
10-16 14:18:52.335 22630 22687 D sing-box: [37mDEBUG[0m[0004] [[38;5;35m3820056554[0m 0ms] router: sniffed packet protocol: dns
10-16 14:18:52.335 22630 22688 D sing-box: [36mINFO[0m[0004] [[38;5;210m2483726786[0m 0ms] inbound/tun[tun-in]: inbound packet connection to 172.19.0.2:53
10-16 14:18:52.335 22630 22688 D sing-box: [37mDEBUG[0m[0004] [[38;5;210m2483726786[0m 0ms] router: sniffed packet protocol: dns
10-16 14:18:52.335 22630 22687 D sing-box: [37mDEBUG[0m[0004] [[38;5;35m3820056554[0m 0ms] router: match[0] protocol=dns => hijack-dns
10-16 14:18:52.335 22630 22701 D sing-box: [36mINFO[0m[0004] [[38;5;112m2601535072[0m 0ms] inbound/tun[tun-in]: inbound packet connection from 172.19.0.1:64006
10-16 14:18:52.335 22630 22701 D sing-box: [36mINFO[0m[0004] [[38;5;112m2601535072[0m 0ms] inbound/tun[tun-in]: inbound packet connection to 172.19.0.2:53
10-16 14:18:52.335 22630 22687 D sing-box: [37mDEBUG[0m[0004] [[38;5;35m3820056554[0m 0ms] dns: exchange gss0.bdstatic.com. IN HTTPS
10-16 14:18:52.335 22630 22688 D sing-box: [37mDEBUG[0m[0004] [[38;5;210m2483726786[0m 0ms] router: match[0] protocol=dns => hijack-dns
10-16 14:18:52.336 22630 22701 D sing-box: [37mDEBUG[0m[0004] [[38;5;112m2601535072[0m 0ms] router: sniffed packet protocol: dns
10-16 14:18:52.336 22630 22701 D sing-box: [37mDEBUG[0m[0004] [[38;5;112m2601535072[0m 0ms] router: match[0] protocol=dns => hijack-dns
10-16 14:18:52.336 22630 22701 D sing-box: [37mDEBUG[0m[0004] [[38;5;112m2601535072[0m 0ms] dns: exchange sv.bdstatic.com. IN A
10-16 14:18:52.336 22630 22688 D sing-box: [37mDEBUG[0m[0004] [[38;5;210m2483726786[0m 0ms] dns: exchange sv.bdstatic.com. IN AAAA
10-16 14:18:52.344 22630 22704 D sing-box: [36mINFO[0m[0004] [[38;5;122m3324696941[0m 0ms] inbound/tun[tun-in]: inbound packet connection from 172.19.0.1:22643
10-16 14:18:52.344 22630 22704 D sing-box: [36mINFO[0m[0004] [[38;5;122m3324696941[0m 0ms] inbound/tun[tun-in]: inbound packet connection to 172.19.0.2:53
10-16 14:18:52.344 22630 22704 D sing-box: [37mDEBUG[0m[0004] [[38;5;122m3324696941[0m 0ms] router: sniffed packet protocol: dns
10-16 14:18:52.344 22630 22704 D sing-box: [37mDEBUG[0m[0004] [[38;5;122m3324696941[0m 0ms] router: match[0] protocol=dns => hijack-dns
10-16 14:18:52.344 22630 22704 D sing-box: [37mDEBUG[0m[0004] [[38;5;122m3324696941[0m 0ms] dns: exchange sv.bdstatic.com. IN HTTPS
10-16 14:18:52.516 22630 22703 D sing-box: [36mINFO[0m[0004] [[38;5;116m2601967204[0m 0ms] inbound/tun[tun-in]: inbound connection from 172.19.0.1:43266
10-16 14:18:52.517 22630 22703 D sing-box: [36mINFO[0m[0004] [[38;5;116m2601967204[0m 1ms] inbound/tun[tun-in]: inbound connection to 43.231.161.187:5224
10-16 14:18:52.537 22630 22704 D sing-box: [36mINFO[0m[0004] [[38;5;38m2763097837[0m 0ms] inbound/tun[tun-in]: inbound packet connection from 172.19.0.1:30110
10-16 14:18:52.537 22630 22704 D sing-box: [36mINFO[0m[0004] [[38;5;38m2763097837[0m 0ms] inbound/tun[tun-in]: inbound packet connection to 172.19.0.2:53
10-16 14:18:52.537 22630 22704 D sing-box: [37mDEBUG[0m[0004] [[38;5;38m2763097837[0m 0ms] router: sniffed packet protocol: dns
10-16 14:18:52.537 22630 22704 D sing-box: [37mDEBUG[0m[0004] [[38;5;38m2763097837[0m 0ms] router: match[0] protocol=dns => hijack-dns
10-16 14:18:52.538 22630 22704 D sing-box: [37mDEBUG[0m[0004] [[38;5;38m2763097837[0m 1ms] dns: exchange sdk-open-phone.getui.com. IN AAAA
