10-16 14:18:58.572 22630 22704 D sing-box: [37mDEBUG[0m[0010] [[38;5;230m930058198[0m 2ms] dns: exchange ws-keyboard.shouji.sogou.com. IN AAAA
10-16 14:18:58.572 22630 22701 D sing-box: [37mDEBUG[0m[0010] [[38;5;201m3568558521[0m 1ms] router: match[0] protocol=dns => hijack-dns
10-16 14:18:58.573 22630 22701 D sing-box: [37mDEBUG[0m[0010] [[38;5;201m3568558521[0m 1ms] dns: exchange ws-keyboard.shouji.sogou.com. IN A
10-16 14:18:59.363 22630 22704 D sing-box: [36mINFO[0m[0011] [[38;5;148m2891780740[0m 0ms] inbound/tun[tun-in]: inbound packet connection from 172.19.0.1:54991
10-16 14:18:59.363 22630 22701 D sing-box: [36mINFO[0m[0011] [[38;5;226m416112338[0m 0ms] inbound/tun[tun-in]: inbound packet connection from 172.19.0.1:48309
10-16 14:18:59.363 22630 22704 D sing-box: [36mINFO[0m[0011] [[38;5;148m2891780740[0m 1ms] inbound/tun[tun-in]: inbound packet connection to 114.114.114.114:53
10-16 14:18:59.363 22630 22701 D sing-box: [36mINFO[0m[0011] [[38;5;226m416112338[0m 0ms] inbound/tun[tun-in]: inbound packet connection to 114.114.114.114:53
10-16 14:18:59.364 22630 22704 D sing-box: [37mDEBUG[0m[0011] [[38;5;148m2891780740[0m 1ms] router: sniffed packet protocol: dns
10-16 14:18:59.364 22630 22701 D sing-box: [37mDEBUG[0m[0011] [[38;5;226m416112338[0m 1ms] router: sniffed packet protocol: dns
10-16 14:18:59.365 22630 22701 D sing-box: [37mDEBUG[0m[0011] [[38;5;226m416112338[0m 2ms] router: match[0] protocol=dns => hijack-dns
10-16 14:18:59.365 22630 22701 D sing-box: [37mDEBUG[0m[0011] [[38;5;226m416112338[0m 2ms] dns: exchange content-autofill.googleapis.com. IN AAAA
10-16 14:18:59.365 22630 22704 D sing-box: [37mDEBUG[0m[0011] [[38;5;148m2891780740[0m 2ms] router: match[0] protocol=dns => hijack-dns
10-16 14:18:59.366 22630 22701 D sing-box: [36mINFO[0m[0011] [[38;5;226m948331740[0m 0ms] inbound/tun[tun-in]: inbound packet connection from 172.19.0.1:52646
10-16 14:18:59.367 22630 22701 D sing-box: [36mINFO[0m[0011] [[38;5;226m948331740[0m 1ms] inbound/tun[tun-in]: inbound packet connection to 114.114.114.114:53
10-16 14:18:59.367 22630 22704 D sing-box: [37mDEBUG[0m[0011] [[38;5;148m2891780740[0m 4ms] dns: exchange content-autofill.googleapis.com. IN A
10-16 14:18:59.367 22630 22701 D sing-box: [37mDEBUG[0m[0011] [[38;5;226m948331740[0m 1ms] router: sniffed packet protocol: dns
10-16 14:18:59.367 22630 22681 D sing-box: [36mINFO[0m[0011] [[38;5;226m256447452[0m 0ms] inbound/tun[tun-in]: inbound packet connection from 172.19.0.1:30070
10-16 14:18:59.368 22630 22701 D sing-box: [37mDEBUG[0m[0011] [[38;5;226m948331740[0m 1ms] router: match[0] protocol=dns => hijack-dns
10-16 14:18:59.368 22630 22681 D sing-box: [36mINFO[0m[0011] [[38;5;226m256447452[0m 1ms] inbound/tun[tun-in]: inbound packet connection to 114.114.114.114:53
10-16 14:18:59.368 22630 22701 D sing-box: [37mDEBUG[0m[0011] [[38;5;226m948331740[0m 2ms] dns: exchange gss0.bdstatic.com. IN A
10-16 14:18:59.368 22630 22681 D sing-box: [37mDEBUG[0m[0011] [[38;5;226m256447452[0m 2ms] router: sniffed packet protocol: dns
10-16 14:18:59.369 22630 22681 D sing-box: [37mDEBUG[0m[0011] [[38;5;226m256447452[0m 2ms] router: match[0] protocol=dns => hijack-dns
10-16 14:18:59.369 22630 22704 D sing-box: [36mINFO[0m[0011] [[38;5;180m2337693348[0m 0ms] inbound/tun[tun-in]: inbound packet connection from 172.19.0.1:40571
10-16 14:18:59.369 22630 22681 D sing-box: [37mDEBUG[0m[0011] [[38;5;226m256447452[0m 3ms] dns: exchange sv.bdstatic.com. IN AAAA
10-16 14:18:59.369 22630 22704 D sing-box: [36mINFO[0m[0011] [[38;5;180m2337693348[0m 0ms] inbound/tun[tun-in]: inbound packet connection to 114.114.114.114:53
10-16 14:18:59.370 22630 22704 D sing-box: [37mDEBUG[0m[0011] [[38;5;180m2337693348[0m 1ms] router: sniffed packet protocol: dns
10-16 14:18:59.370 22630 22704 D sing-box: [37mDEBUG[0m[0011] [[38;5;180m2337693348[0m 1ms] router: match[0] protocol=dns => hijack-dns
10-16 14:18:59.370 22630 23302 D sing-box: [36mINFO[0m[0011] [[38;5;207m1529170623[0m 0ms] inbound/tun[tun-in]: inbound packet connection from 172.19.0.1:46860
10-16 14:18:59.371 22630 22704 D sing-box: [37mDEBUG[0m[0011] [[38;5;180m2337693348[0m 1ms] dns: exchange gss0.bdstatic.com. IN AAAA
10-16 14:18:59.371 22630 23302 D sing-box: [36mINFO[0m[0011] [[38;5;207m1529170623[0m 1ms] inbound/tun[tun-in]: inbound packet connection to 114.114.114.114:53
10-16 14:18:59.371 22630 23302 D sing-box: [37mDEBUG[0m[0011] [[38;5;207m1529170623[0m 2ms] router: sniffed packet protocol: dns
10-16 14:18:59.372 22630 23302 D sing-box: [37mDEBUG[0m[0011] [[38;5;207m1529170623[0m 2ms] router: match[0] protocol=dns => hijack-dns
10-16 14:18:59.373 22630 23302 D sing-box: [37mDEBUG[0m[0011] [[38;5;207m1529170623[0m 3ms] dns: exchange sv.bdstatic.com. IN A
10-16 14:18:59.920 22630 23304 D sing-box: [36mINFO[0m[0011] [[38;5;220m3851759052[0m 0ms] inbound/tun[tun-in]: inbound packet connection from 172.19.0.1:60360
10-16 14:18:59.921 22630 23304 D sing-box: [36mINFO[0m[0011] [[38;5;220m3851759052[0m 2ms] inbound/tun[tun-in]: inbound packet connection to 114.114.114.114:53
10-16 14:18:59.921 22630 22681 D sing-box: [36mINFO[0m[0011] [[38;5;39m3014506007[0m 0ms] inbound/tun[tun-in]: inbound packet connection from 172.19.0.1:51961
10-16 14:18:59.921 22630 23304 D sing-box: [37mDEBUG[0m[0011] [[38;5;220m3851759052[0m 2ms] router: sniffed packet protocol: dns
10-16 14:18:59.921 22630 22681 D sing-box: [36mINFO[0m[0011] [[38;5;39m3014506007[0m 0ms] inbound/tun[tun-in]: inbound packet connection to 114.114.114.114:53
10-16 14:18:59.922 22630 23304 D sing-box: [37mDEBUG[0m[0011] [[38;5;220m3851759052[0m 3ms] router: match[0] protocol=dns => hijack-dns
10-16 14:18:59.922 22630 22681 D sing-box: [37mDEBUG[0m[0011] [[38;5;39m3014506007[0m 1ms] router: sniffed packet protocol: dns
10-16 14:18:59.922 22630 23304 D sing-box: [37mDEBUG[0m[0011] [[38;5;220m3851759052[0m 3ms] dns: exchange h2tcbox.baidu.com. IN AAAA
10-16 14:18:59.922 22630 22681 D sing-box: [37mDEBUG[0m[0011] [[38;5;39m3014506007[0m 1ms] router: match[0] protocol=dns => hijack-dns
10-16 14:18:59.923 22630 22681 D sing-box: [37mDEBUG[0m[0011] [[38;5;39m3014506007[0m 2ms] dns: exchange h2tcbox.baidu.com. IN A
10-16 14:19:00.315 22630 22704 D sing-box: [36mINFO[0m[0012] [[38;5;138m1406074[0m 0ms] inbound/tun[tun-in]: inbound packet connection from 172.19.0.1:15552
10-16 14:19:00.315 22630 23304 D sing-box: [36mINFO[0m[0012] [[38;5;224m3954846983[0m 0ms] inbound/tun[tun-in]: inbound packet connection from 172.19.0.1:44973
10-16 14:19:00.315 22630 22704 D sing-box: [36mINFO[0m[0012] [[38;5;138m1406074[0m 1ms] inbound/tun[tun-in]: inbound packet connection to 114.114.114.114:53
10-16 14:19:00.316 22630 23304 D sing-box: [36mINFO[0m[0012] [[38;5;224m3954846983[0m 0ms] inbound/tun[tun-in]: inbound packet connection to 114.114.114.114:53
10-16 14:19:00.316 22630 22704 D sing-box: [37mDEBUG[0m[0012] [[38;5;138m1406074[0m 1ms] router: sniffed packet protocol: dns
10-16 14:19:00.316 22630 22704 D sing-box: [37mDEBUG[0m[0012] [[38;5;138m1406074[0m 2ms] router: match[0] protocol=dns => hijack-dns
10-16 14:19:00.316 22630 23304 D sing-box: [37mDEBUG[0m[0012] [[38;5;224m3954846983[0m 1ms] router: sniffed packet protocol: dns
10-16 14:19:00.317 22630 23302 D sing-box: [37mDEBUG[0m[0012] [[38;5;28m1259527948[0m 10.1s] dns: exchange api.mcc.miui.com. IN AAAA
10-16 14:19:00.317 22630 23304 D sing-box: [37mDEBUG[0m[0012] [[38;5;224m3954846983[0m 1ms] router: match[0] protocol=dns => hijack-dns
10-16 14:19:00.317 22630 22704 D sing-box: [37mDEBUG[0m[0012] [[38;5;138m1406074[0m 2ms] dns: exchange www.baidu.com. IN A
10-16 14:19:00.317 22630 23304 D sing-box: [37mDEBUG[0m[0012] [[38;5;224m3954846983[0m 2ms] dns: exchange www.baidu.com. IN AAAA
10-16 14:19:00.317 22630 23302 D sing-box: [37mDEBUG[0m[0012] [[38;5;39m1160494574[0m 10.0s] dns: exchange api.mcc.miui.com. IN A
10-16 14:19:00.736 22630 22681 D sing-box: [36mINFO[0m[0012] [[38;5;119m836755824[0m 0ms] inbound/tun[tun-in]: inbound packet connection from 172.19.0.1:14527
10-16 14:19:00.736 22630 22681 D sing-box: [36mINFO[0m[0012] [[38;5;119m836755824[0m 1ms] inbound/tun[tun-in]: inbound packet connection to 114.114.114.114:53
10-16 14:19:00.737 22630 23304 D sing-box: [36mINFO[0m[0012] [[38;5;119m2413416304[0m 0ms] inbound/tun[tun-in]: inbound packet connection from 172.19.0.1:30795
10-16 14:19:00.737 22630 22681 D sing-box: [37mDEBUG[0m[0012] [[38;5;119m836755824[0m 1ms] router: sniffed packet protocol: dns
10-16 14:19:00.737 22630 23304 D sing-box: [36mINFO[0m[0012] [[38;5;119m2413416304[0m 0ms] inbound/tun[tun-in]: inbound packet connection to 114.114.114.114:53
10-16 14:19:00.737 22630 22681 D sing-box: [37mDEBUG[0m[0012] [[38;5;119m836755824[0m 1ms] router: match[0] protocol=dns => hijack-dns
10-16 14:19:00.738 22630 23304 D sing-box: [37mDEBUG[0m[0012] [[38;5;119m2413416304[0m 0ms] router: sniffed packet protocol: dns
10-16 14:19:00.738 22630 22681 D sing-box: [37mDEBUG[0m[0012] [[38;5;119m836755824[0m 2ms] dns: exchange hpd.baidu.com. IN AAAA
10-16 14:19:00.738 22630 23304 D sing-box: [37mDEBUG[0m[0012] [[38;5;119m2413416304[0m 1ms] router: match[0] protocol=dns => hijack-dns
10-16 14:19:00.738 22630 23304 D sing-box: [37mDEBUG[0m[0012] [[38;5;119m2413416304[0m 1ms] dns: exchange hpd.baidu.com. IN A
10-16 14:19:00.816 22630 23304 D sing-box: [36mINFO[0m[0012] [[38;5;231m51513856[0m 0ms] inbound/tun[tun-in]: inbound packet connection from 172.19.0.1:33356
10-16 14:19:00.817 22630 22704 D sing-box: [36mINFO[0m[0012] [[38;5;36m1109191188[0m 0ms] inbound/tun[tun-in]: inbound packet connection from 172.19.0.1:22337
10-16 14:19:00.817 22630 23304 D sing-box: [36mINFO[0m[0012] [[38;5;231m51513856[0m 0ms] inbound/tun[tun-in]: inbound packet connection to 114.114.114.114:53
10-16 14:19:00.817 22630 22704 D sing-box: [36mINFO[0m[0012] [[38;5;36m1109191188[0m 0ms] inbound/tun[tun-in]: inbound packet connection to 114.114.114.114:53
10-16 14:19:00.817 22630 23304 D sing-box: [37mDEBUG[0m[0012] [[38;5;231m51513856[0m 1ms] router: sniffed packet protocol: dns
10-16 14:19:00.818 22630 22704 D sing-box: [37mDEBUG[0m[0012] [[38;5;36m1109191188[0m 1ms] router: sniffed packet protocol: dns
10-16 14:19:00.818 22630 23304 D sing-box: [37mDEBUG[0m[0012] [[38;5;231m51513856[0m 1ms] router: match[0] protocol=dns => hijack-dns
10-16 14:19:00.818 22630 22704 D sing-box: [37mDEBUG[0m[0012] [[38;5;36m1109191188[0m 1ms] router: match[0] protocol=dns => hijack-dns
10-16 14:19:00.818 22630 23304 D sing-box: [37mDEBUG[0m[0012] [[38;5;231m51513856[0m 2ms] dns: exchange zxid-m.mobileservice.cn. IN AAAA
10-16 14:19:00.818 22630 22704 D sing-box: [37mDEBUG[0m[0012] [[38;5;36m1109191188[0m 1ms] dns: exchange zxid-m.mobileservice.cn. IN A
10-16 14:19:01.186 22630 22681 D sing-box: [36mINFO[0m[0013] [[38;5;85m2843582277[0m 0ms] inbound/tun[tun-in]: inbound packet connection from 172.19.0.1:12298
10-16 14:19:01.186 22630 22701 D sing-box: [36mINFO[0m[0013] [[38;5;67m1401263667[0m 0ms] inbound/tun[tun-in]: inbound packet connection from 172.19.0.1:41660
10-16 14:19:01.186 22630 22681 D sing-box: [36mINFO[0m[0013] [[38;5;85m2843582277[0m 0ms] inbound/tun[tun-in]: inbound packet connection to 114.114.114.114:53
10-16 14:19:01.186 22630 22701 D sing-box: [36mINFO[0m[0013] [[38;5;67m1401263667[0m 0ms] inbound/tun[tun-in]: inbound packet connection to 114.114.114.114:53
10-16 14:19:01.187 22630 22681 D sing-box: [37mDEBUG[0m[0013] [[38;5;85m2843582277[0m 1ms] router: sniffed packet protocol: dns
10-16 14:19:01.187 22630 22701 D sing-box: [37mDEBUG[0m[0013] [[38;5;67m1401263667[0m 1ms] router: sniffed packet protocol: dns
10-16 14:19:01.187 22630 22701 D sing-box: [37mDEBUG[0m[0013] [[38;5;67m1401263667[0m 1ms] router: match[0] protocol=dns => hijack-dns
10-16 14:19:01.187 22630 22681 D sing-box: [37mDEBUG[0m[0013] [[38;5;85m2843582277[0m 2ms] router: match[0] protocol=dns => hijack-dns
10-16 14:19:01.188 22630 22701 D sing-box: [37mDEBUG[0m[0013] [[38;5;67m1401263667[0m 2ms] dns: exchange sugg.sogou.com. IN A
10-16 14:19:01.188 22630 22681 D sing-box: [37mDEBUG[0m[0013] [[38;5;85m2843582277[0m 2ms] dns: exchange sugg.sogou.com. IN AAAA
10-16 14:19:01.228 22630 22704 D sing-box: [37mDEBUG[0m[0013] [[38;5;224m3085248720[0m 10.0s] dns: exchange app.market.xiaomi.com. IN AAAA
10-16 14:19:01.233 22630 23304 D sing-box: [37mDEBUG[0m[0013] [[38;5;149m3200800389[0m 10.0s] dns: exchange app.market.xiaomi.com. IN A
10-16 14:19:01.332 22630 22704 D sing-box: [37mDEBUG[0m[0013] [[38;5;213m3904526533[0m 10.1s] dns: exchange android.googleapis.com. IN AAAA
10-16 14:19:01.343 22630 23304 D sing-box: [37mDEBUG[0m[0013] [[38;5;86m968133958[0m 10.1s] dns: exchange android.googleapis.com. IN A
10-16 14:19:01.506 22630 22701 D sing-box: [37mDEBUG[0m[0013] [[38;5;114m2365832290[0m 10.1s] dns: exchange ha.browser.miui.com. IN AAAA
10-16 14:19:01.511 22630 22681 D sing-box: [37mDEBUG[0m[0013] [[38;5;76m3016619068[0m 10.1s] dns: exchange ha.browser.miui.com. IN A
10-16 14:19:02.085 22630 22681 D sing-box: [37mDEBUG[0m[0014] [[38;5;47m1452402934[0m 10.0s] dns: exchange afdconf.baidu.com. IN AAAA
10-16 14:19:02.086 22630 22704 D sing-box: [37mDEBUG[0m[0014] [[38;5;221m2812076513[0m 10.0s] dns: exchange afdconf.baidu.com. IN A
10-16 14:19:02.136 22630 22681 D sing-box: [37mDEBUG[0m[0014] [[38;5;204m1505485244[0m 10.0s] dns: exchange pn.baidu.com. IN A
10-16 14:19:02.137 22630 23302 D sing-box: [37mDEBUG[0m[0014] [[38;5;68m4157508404[0m 10.0s] dns: exchange pn.baidu.com. IN AAAA
10-16 14:19:02.481 22630 22681 D sing-box: [36mINFO[0m[0014] [[38;5;200m2290254520[0m 0ms] inbound/tun[tun-in]: inbound packet connection from 172.19.0.1:35760
10-16 14:19:02.481 22630 22681 D sing-box: [36mINFO[0m[0014] [[38;5;200m2290254520[0m 0ms] inbound/tun[tun-in]: inbound packet connection to 172.19.0.2:53
10-16 14:19:02.482 22630 22681 D sing-box: [37mDEBUG[0m[0014] [[38;5;200m2290254520[0m 1ms] router: sniffed packet protocol: dns
10-16 14:19:02.482 22630 22704 D sing-box: [36mINFO[0m[0014] [[38;5;50m1562811641[0m 0ms] inbound/tun[tun-in]: inbound packet connection from 172.19.0.1:20487
10-16 14:19:02.482 22630 22704 D sing-box: [36mINFO[0m[0014] [[38;5;50m1562811641[0m 0ms] inbound/tun[tun-in]: inbound packet connection to 172.19.0.2:53
10-16 14:19:02.482 22630 22681 D sing-box: [37mDEBUG[0m[0014] [[38;5;200m2290254520[0m 1ms] router: match[0] protocol=dns => hijack-dns
10-16 14:19:02.482 22630 22704 D sing-box: [37mDEBUG[0m[0014] [[38;5;50m1562811641[0m 0ms] router: sniffed packet protocol: dns
10-16 14:19:02.483 22630 22704 D sing-box: [37mDEBUG[0m[0014] [[38;5;50m1562811641[0m 0ms] router: match[0] protocol=dns => hijack-dns
10-16 14:19:02.483 22630 22681 D sing-box: [37mDEBUG[0m[0014] [[38;5;200m2290254520[0m 2ms] dns: exchange b-gtc.gepush.com. IN AAAA
10-16 14:19:02.483 22630 22704 D sing-box: [37mDEBUG[0m[0014] [[38;5;50m1562811641[0m 1ms] dns: exchange b-gtc.gepush.com. IN A
10-16 14:19:02.549 22630 23304 D sing-box: [37mDEBUG[0m[0014] [[38;5;38m2763097837[0m 10.1s] dns: exchange sdk-open-phone.getui.com. IN AAAA
10-16 14:19:02.551 22630 22701 D sing-box: [37mDEBUG[0m[0014] [[38;5;187m1996635948[0m 10.1s] dns: exchange sdk-open-phone.getui.com. IN A
10-16 14:19:02.557 22630 23304 D sing-box: [37mDEBUG[0m[0014] [[38;5;231m1137932800[0m 10.1s] dns: exchange aeventlog.beacon.qq.com. IN AAAA
10-16 14:19:02.557 22630 22704 D sing-box: [37mDEBUG[0m[0014] [[38;5;189m3944328365[0m 10.0s] dns: exchange aeventlog.beacon.qq.com. IN A
10-16 14:19:02.592 22630 22701 D sing-box: [37mDEBUG[0m[0014] [[38;5;36m2338869012[0m 10.1s] dns: exchange sdk.open.phone.igexin.com. IN AAAA
10-16 14:19:02.599 22630 22681 D sing-box: [37mDEBUG[0m[0014] [[38;5;188m2936119980[0m 10.1s] dns: exchange sdk.open.phone.igexin.com. IN A
10-16 14:19:02.785 22630 22704 D sing-box: [36mINFO[0m[0014] [[38;5;29m4031313421[0m 0ms] inbound/tun[tun-in]: inbound packet connection from 172.19.0.1:45701
10-16 14:19:02.786 22630 22704 D sing-box: [36mINFO[0m[0014] [[38;5;29m4031313421[0m 0ms] inbound/tun[tun-in]: inbound packet connection to 172.19.0.2:53
10-16 14:19:02.786 22630 22704 D sing-box: [37mDEBUG[0m[0014] [[38;5;29m4031313421[0m 1ms] router: sniffed packet protocol: dns
10-16 14:19:02.787 22630 22704 D sing-box: [37mDEBUG[0m[0014] [[38;5;29m4031313421[0m 1ms] router: match[0] protocol=dns => hijack-dns
10-16 14:19:02.788 22630 22704 D sing-box: [37mDEBUG[0m[0014] [[38;5;29m4031313421[0m 2ms] dns: exchange talk.bz.gepush.com. IN AAAA
10-16 14:19:02.790 22630 22704 D sing-box: [36mINFO[0m[0014] [[38;5;86m3924782662[0m 0ms] inbound/tun[tun-in]: inbound packet connection from 172.19.0.1:13360
10-16 14:19:02.791 22630 22704 D sing-box: [36mINFO[0m[0014] [[38;5;86m3924782662[0m 0ms] inbound/tun[tun-in]: inbound packet connection to 172.19.0.2:53
10-16 14:19:02.792 22630 22704 D sing-box: [37mDEBUG[0m[0014] [[38;5;86m3924782662[0m 1ms] router: sniffed packet protocol: dns
10-16 14:19:02.792 22630 22704 D sing-box: [37mDEBUG[0m[0014] [[38;5;86m3924782662[0m 2ms] router: match[0] protocol=dns => hijack-dns
10-16 14:19:02.792 22630 22704 D sing-box: [37mDEBUG[0m[0014] [[38;5;86m3924782662[0m 2ms] dns: exchange talk.bz.gepush.com. IN A
10-16 14:19:03.144 22630 22704 D sing-box: [37mDEBUG[0m[0015] [[38;5;143m4149345663[0m 10.0s] dns: exchange alt8-mtalk.google.com. IN A
10-16 14:19:03.146 22630 22681 D sing-box: [37mDEBUG[0m[0015] [[38;5;207m3321343167[0m 10.1s] dns: exchange hyld.jsyd.plnode.xyz. IN A
10-16 14:19:03.147 22630 22704 D sing-box: [37mDEBUG[0m[0015] [[38;5;223m1569656328[0m 10.1s] dns: exchange hyld.jsyd.plnode.xyz. IN AAAA
10-16 14:19:03.147 22630 22681 D sing-box: [37mDEBUG[0m[0015] [[38;5;207m3321343167[0m 10.1s] dns: match[1] domain=hyld.jsyd.plnode.xyz => route(dns-local)
10-16 14:19:03.147 22630 22704 D sing-box: [37mDEBUG[0m[0015] [[38;5;223m1569656328[0m 10.1s] dns: match[1] domain=hyld.jsyd.plnode.xyz => route(dns-local)
10-16 14:19:03.148 22630 22681 D sing-box: [37mDEBUG[0m[0015] [[38;5;228m996290010[0m 10.0s] dns: exchange alt8-mtalk.google.com. IN AAAA
10-16 14:19:03.573 22630 22704 D sing-box: [37mDEBUG[0m[0015] [[38;5;223m2143933407[0m 10.0s] dns: exchange ws-keyboard.shouji.sogou.com. IN AAAA
10-16 14:19:03.576 22630 22681 D sing-box: [37mDEBUG[0m[0015] [[38;5;118m610272614[0m 10.1s] dns: exchange ws-keyboard.shouji.sogou.com. IN A
10-16 14:19:04.366 22630 22701 D sing-box: [37mDEBUG[0m[0016] [[38;5;155m2797510732[0m 10.0s] dns: exchange content-autofill.googleapis.com. IN AAAA
10-16 14:19:04.366 22630 22681 D sing-box: [37mDEBUG[0m[0016] [[38;5;103m3084211799[0m 10.0s] dns: exchange content-autofill.googleapis.com. IN A
10-16 14:19:04.366 22630 23304 D sing-box: [37mDEBUG[0m[0016] [[38;5;86m3909931590[0m 10.0s] dns: exchange sv.bdstatic.com. IN AAAA
10-16 14:19:04.368 22630 22701 D sing-box: [37mDEBUG[0m[0016] [[38;5;226m2113001170[0m 10.0s] dns: exchange gss0.bdstatic.com. IN A
10-16 14:19:04.372 22630 23302 D sing-box: [37mDEBUG[0m[0016] [[38;5;48m3438033184[0m 10.0s] dns: exchange gss0.bdstatic.com. IN AAAA
10-16 14:19:04.372 22630 23302 D sing-box: [37mDEBUG[0m[0016] [[38;5;41m1267366425[0m 10.0s] dns: exchange sv.bdstatic.com. IN A
10-16 14:19:04.925 22630 22701 D sing-box: [37mDEBUG[0m[0016] [[38;5;64m2969948976[0m 10.1s] dns: exchange h2tcbox.baidu.com. IN AAAA
10-16 14:19:04.927 22630 23302 D sing-box: [37mDEBUG[0m[0016] [[38;5;209m3133695681[0m 10.1s] dns: exchange h2tcbox.baidu.com. IN A
10-16 14:19:05.319 22630 22681 D sing-box: [37mDEBUG[0m[0017] [[38;5;230m2706120705[0m 10.1s] dns: exchange www.baidu.com. IN A
10-16 14:19:05.320 22630 22701 D sing-box: [37mDEBUG[0m[0017] [[38;5;216m1525012680[0m 10.1s] dns: exchange www.baidu.com. IN AAAA
10-16 14:19:05.320 22630 23302 D sing-box: [37mDEBUG[0m[0017] [[38;5;171m507160987[0m 10.0s] dns: exchange api.mcc.miui.com. IN A
10-16 14:19:05.320 22630 23304 D sing-box: [37mDEBUG[0m[0017] [[38;5;175m186479519[0m 10.1s] dns: exchange api.mcc.miui.com. IN AAAA
10-16 14:19:05.739 22630 23302 D sing-box: [37mDEBUG[0m[0017] [[38;5;116m161904484[0m 10.0s] dns: exchange hpd.baidu.com. IN A
10-16 14:19:05.740 22630 22704 D sing-box: [37mDEBUG[0m[0017] [[38;5;76m4234865724[0m 10.0s] dns: exchange hpd.baidu.com. IN AAAA
10-16 14:19:05.823 22630 22681 D sing-box: [37mDEBUG[0m[0017] [[38;5;117m3623065445[0m 10.1s] dns: exchange zxid-m.mobileservice.cn. IN AAAA
10-16 14:19:05.823 22630 23304 D sing-box: [37mDEBUG[0m[0017] [[38;5;227m2598509787[0m 10.1s] dns: exchange zxid-m.mobileservice.cn. IN A
10-16 14:19:06.192 22630 22704 D sing-box: [37mDEBUG[0m[0018] [[38;5;69m215027509[0m 10.1s] dns: exchange sugg.sogou.com. IN A
10-16 14:19:06.192 22630 22701 D sing-box: [37mDEBUG[0m[0018] [[38;5;40m3690009112[0m 10.1s] dns: exchange sugg.sogou.com. IN AAAA
10-16 14:19:06.234 22630 23304 D sing-box: [37mDEBUG[0m[0018] [[38;5;46m1300267038[0m 10.0s] dns: exchange app.market.xiaomi.com. IN AAAA
10-16 14:19:06.239 22630 22701 D sing-box: [37mDEBUG[0m[0018] [[38;5;116m3896096612[0m 10.1s] dns: exchange app.market.xiaomi.com. IN A
10-16 14:19:06.336 22630 22704 D sing-box: [37mDEBUG[0m[0018] [[38;5;63m3256374831[0m 10.1s] dns: exchange android.googleapis.com. IN AAAA
10-16 14:19:06.348 22630 23304 D sing-box: [37mDEBUG[0m[0018] [[38;5;188m1729007659[0m 10.1s] dns: exchange android.googleapis.com. IN A
10-16 14:19:06.512 22630 22701 D sing-box: [37mDEBUG[0m[0018] [[38;5;37m3906082837[0m 10.1s] dns: exchange ha.browser.miui.com. IN AAAA
