10-16 14:18:52.538 22630 22704 D sing-box: [36mINFO[0m[0004] [[38;5;187m1996635948[0m 0ms] inbound/tun[tun-in]: inbound packet connection from 172.19.0.1:30458
10-16 14:18:52.538 22630 22704 D sing-box: [36mINFO[0m[0004] [[38;5;187m1996635948[0m 0ms] inbound/tun[tun-in]: inbound packet connection to 172.19.0.2:53
10-16 14:18:52.538 22630 22704 D sing-box: [37mDEBUG[0m[0004] [[38;5;187m1996635948[0m 0ms] router: sniffed packet protocol: dns
10-16 14:18:52.538 22630 22704 D sing-box: [37mDEBUG[0m[0004] [[38;5;187m1996635948[0m 0ms] router: match[0] protocol=dns => hijack-dns
10-16 14:18:52.538 22630 22704 D sing-box: [37mDEBUG[0m[0004] [[38;5;187m1996635948[0m 0ms] dns: exchange sdk-open-phone.getui.com. IN A
10-16 14:18:52.545 22630 22703 D sing-box: [36mINFO[0m[0004] [[38;5;231m1137932800[0m 0ms] inbound/tun[tun-in]: inbound packet connection from 172.19.0.1:51584
10-16 14:18:52.545 22630 22703 D sing-box: [36mINFO[0m[0004] [[38;5;231m1137932800[0m 0ms] inbound/tun[tun-in]: inbound packet connection to 172.19.0.2:53
10-16 14:18:52.545 22630 22703 D sing-box: [37mDEBUG[0m[0004] [[38;5;231m1137932800[0m 0ms] router: sniffed packet protocol: dns
10-16 14:18:52.545 22630 22703 D sing-box: [37mDEBUG[0m[0004] [[38;5;231m1137932800[0m 0ms] router: match[0] protocol=dns => hijack-dns
10-16 14:18:52.545 22630 22703 D sing-box: [37mDEBUG[0m[0004] [[38;5;231m1137932800[0m 0ms] dns: exchange aeventlog.beacon.qq.com. IN AAAA
10-16 14:18:52.547 22630 22701 D sing-box: [36mINFO[0m[0004] [[38;5;189m3944328365[0m 0ms] inbound/tun[tun-in]: inbound packet connection from 172.19.0.1:24608
10-16 14:18:52.547 22630 22701 D sing-box: [36mINFO[0m[0004] [[38;5;189m3944328365[0m 0ms] inbound/tun[tun-in]: inbound packet connection to 172.19.0.2:53
10-16 14:18:52.547 22630 22701 D sing-box: [37mDEBUG[0m[0004] [[38;5;189m3944328365[0m 0ms] router: sniffed packet protocol: dns
10-16 14:18:52.547 22630 22701 D sing-box: [37mDEBUG[0m[0004] [[38;5;189m3944328365[0m 0ms] router: match[0] protocol=dns => hijack-dns
10-16 14:18:52.547 22630 22701 D sing-box: [37mDEBUG[0m[0004] [[38;5;189m3944328365[0m 0ms] dns: exchange aeventlog.beacon.qq.com. IN A
10-16 14:18:52.549 22630 22703 D sing-box: [36mINFO[0m[0004] [[38;5;116m2601967204[0m 34ms] outbound/hysteria2[proxy]: outbound connection to 43.231.161.187:5224
10-16 14:18:52.581 22630 22688 D sing-box: [36mINFO[0m[0004] [[38;5;36m2338869012[0m 0ms] inbound/tun[tun-in]: inbound packet connection from 172.19.0.1:52761
10-16 14:18:52.581 22630 22688 D sing-box: [36mINFO[0m[0004] [[38;5;36m2338869012[0m 0ms] inbound/tun[tun-in]: inbound packet connection to 172.19.0.2:53
10-16 14:18:52.581 22630 22703 D sing-box: [37mDEBUG[0m[0004] [[38;5;36m2338869012[0m 0ms] router: sniffed packet protocol: dns
10-16 14:18:52.582 22630 22703 D sing-box: [37mDEBUG[0m[0004] [[38;5;36m2338869012[0m 1ms] router: match[0] protocol=dns => hijack-dns
10-16 14:18:52.582 22630 22703 D sing-box: [37mDEBUG[0m[0004] [[38;5;36m2338869012[0m 1ms] dns: exchange sdk.open.phone.igexin.com. IN AAAA
10-16 14:18:52.583 22630 22701 D sing-box: [36mINFO[0m[0004] [[38;5;188m2936119980[0m 0ms] inbound/tun[tun-in]: inbound packet connection from 172.19.0.1:31552
10-16 14:18:52.583 22630 22701 D sing-box: [36mINFO[0m[0004] [[38;5;188m2936119980[0m 0ms] inbound/tun[tun-in]: inbound packet connection to 172.19.0.2:53
10-16 14:18:52.583 22630 22701 D sing-box: [37mDEBUG[0m[0004] [[38;5;188m2936119980[0m 0ms] router: sniffed packet protocol: dns
10-16 14:18:52.584 22630 22701 D sing-box: [37mDEBUG[0m[0004] [[38;5;188m2936119980[0m 0ms] router: match[0] protocol=dns => hijack-dns
10-16 14:18:52.584 22630 22701 D sing-box: [37mDEBUG[0m[0004] [[38;5;188m2936119980[0m 0ms] dns: exchange sdk.open.phone.igexin.com. IN A
10-16 14:18:52.694 22630 22688 D sing-box: [36mINFO[0m[0004] [[38;5;222m1913768654[0m 0ms] inbound/tun[tun-in]: inbound packet connection from 172.19.0.1:40215
10-16 14:18:52.694 22630 22688 D sing-box: [36mINFO[0m[0004] [[38;5;222m1913768654[0m 0ms] inbound/tun[tun-in]: inbound packet connection to 172.19.0.2:53
10-16 14:18:52.694 22630 22688 D sing-box: [37mDEBUG[0m[0004] [[38;5;222m1913768654[0m 0ms] router: sniffed packet protocol: dns
10-16 14:18:52.695 22630 22688 D sing-box: [37mDEBUG[0m[0004] [[38;5;222m1913768654[0m 0ms] router: match[0] protocol=dns => hijack-dns
10-16 14:18:52.695 22630 22688 D sing-box: [37mDEBUG[0m[0004] [[38;5;222m1913768654[0m 0ms] dns: exchange hpd.baidu.com. IN AAAA
10-16 14:18:52.695 22630 22701 D sing-box: [36mINFO[0m[0004] [[38;5;95m370144591[0m 0ms] inbound/tun[tun-in]: inbound packet connection from 172.19.0.1:12325
10-16 14:18:52.695 22630 22701 D sing-box: [36mINFO[0m[0004] [[38;5;95m370144591[0m 0ms] inbound/tun[tun-in]: inbound packet connection to 172.19.0.2:53
10-16 14:18:52.695 22630 22701 D sing-box: [37mDEBUG[0m[0004] [[38;5;95m370144591[0m 0ms] router: sniffed packet protocol: dns
10-16 14:18:52.695 22630 22688 D sing-box: [36mINFO[0m[0004] [[38;5;158m123797577[0m 0ms] inbound/tun[tun-in]: inbound packet connection from 172.19.0.1:32632
10-16 14:18:52.695 22630 22701 D sing-box: [37mDEBUG[0m[0004] [[38;5;95m370144591[0m 0ms] router: match[0] protocol=dns => hijack-dns
10-16 14:18:52.695 22630 22688 D sing-box: [36mINFO[0m[0004] [[38;5;158m123797577[0m 0ms] inbound/tun[tun-in]: inbound packet connection to 172.19.0.2:53
10-16 14:18:52.695 22630 22701 D sing-box: [37mDEBUG[0m[0004] [[38;5;95m370144591[0m 0ms] dns: exchange hpd.baidu.com. IN A
10-16 14:18:52.695 22630 22688 D sing-box: [37mDEBUG[0m[0004] [[38;5;158m123797577[0m 0ms] router: sniffed packet protocol: dns
10-16 14:18:52.696 22630 22688 D sing-box: [37mDEBUG[0m[0004] [[38;5;158m123797577[0m 0ms] router: match[0] protocol=dns => hijack-dns
10-16 14:18:52.696 22630 22688 D sing-box: [37mDEBUG[0m[0004] [[38;5;158m123797577[0m 0ms] dns: exchange hpd.baidu.com. IN HTTPS
10-16 14:18:52.888 22630 22688 D sing-box: [36mINFO[0m[0004] [[38;5;229m2072960213[0m 0ms] inbound/tun[tun-in]: inbound packet connection from 172.19.0.1:37902
10-16 14:18:52.888 22630 22703 D sing-box: [36mINFO[0m[0004] [[38;5;51m2921660340[0m 0ms] inbound/tun[tun-in]: inbound packet connection from 172.19.0.1:25237
10-16 14:18:52.888 22630 22688 D sing-box: [36mINFO[0m[0004] [[38;5;229m2072960213[0m 0ms] inbound/tun[tun-in]: inbound packet connection to 172.19.0.2:53
10-16 14:18:52.888 22630 22703 D sing-box: [36mINFO[0m[0004] [[38;5;51m2921660340[0m 0ms] inbound/tun[tun-in]: inbound packet connection to 172.19.0.2:53
10-16 14:18:52.888 22630 22704 D sing-box: [36mINFO[0m[0004] [[38;5;194m3790767868[0m 0ms] inbound/tun[tun-in]: inbound packet connection from 172.19.0.1:24474
10-16 14:18:52.889 22630 22704 D sing-box: [36mINFO[0m[0004] [[38;5;194m3790767868[0m 0ms] inbound/tun[tun-in]: inbound packet connection to 172.19.0.2:53
10-16 14:18:52.889 22630 22703 D sing-box: [37mDEBUG[0m[0004] [[38;5;51m2921660340[0m 0ms] router: sniffed packet protocol: dns
10-16 14:18:52.889 22630 22688 D sing-box: [37mDEBUG[0m[0004] [[38;5;229m2072960213[0m 1ms] router: sniffed packet protocol: dns
10-16 14:18:52.889 22630 22704 D sing-box: [37mDEBUG[0m[0004] [[38;5;194m3790767868[0m 0ms] router: sniffed packet protocol: dns
10-16 14:18:52.889 22630 22703 D sing-box: [37mDEBUG[0m[0004] [[38;5;51m2921660340[0m 1ms] router: match[0] protocol=dns => hijack-dns
10-16 14:18:52.889 22630 22688 D sing-box: [37mDEBUG[0m[0004] [[38;5;229m2072960213[0m 1ms] router: match[0] protocol=dns => hijack-dns
10-16 14:18:52.889 22630 22704 D sing-box: [37mDEBUG[0m[0004] [[38;5;194m3790767868[0m 0ms] router: match[0] protocol=dns => hijack-dns
10-16 14:18:52.889 22630 22703 D sing-box: [37mDEBUG[0m[0004] [[38;5;51m2921660340[0m 1ms] dns: exchange h2tcbox.baidu.com. IN A
10-16 14:18:52.889 22630 22688 D sing-box: [37mDEBUG[0m[0004] [[38;5;229m2072960213[0m 1ms] dns: exchange h2tcbox.baidu.com. IN AAAA
10-16 14:18:52.889 22630 22704 D sing-box: [37mDEBUG[0m[0004] [[38;5;194m3790767868[0m 0ms] dns: exchange h2tcbox.baidu.com. IN HTTPS
10-16 14:18:53.135 22630 22701 D sing-box: [36mINFO[0m[0005] [[38;5;223m1569656328[0m 0ms] inbound/tun[tun-in]: inbound packet connection from 172.19.0.1:45265
10-16 14:18:53.135 22630 22701 D sing-box: [36mINFO[0m[0005] [[38;5;223m1569656328[0m 0ms] inbound/tun[tun-in]: inbound packet connection to 114.114.114.114:53
10-16 14:18:53.136 22630 22701 D sing-box: [37mDEBUG[0m[0005] [[38;5;223m1569656328[0m 0ms] router: sniffed packet protocol: dns
10-16 14:18:53.136 22630 22704 D sing-box: [36mINFO[0m[0005] [[38;5;207m3321343167[0m 0ms] inbound/tun[tun-in]: inbound packet connection from 172.19.0.1:25442
10-16 14:18:53.136 22630 22701 D sing-box: [37mDEBUG[0m[0005] [[38;5;223m1569656328[0m 1ms] router: match[0] protocol=dns => hijack-dns
10-16 14:18:53.136 22630 22704 D sing-box: [36mINFO[0m[0005] [[38;5;207m3321343167[0m 0ms] inbound/tun[tun-in]: inbound packet connection to 114.114.114.114:53
10-16 14:18:53.136 22630 22701 D sing-box: [37mDEBUG[0m[0005] [[38;5;223m1569656328[0m 1ms] dns: exchange hyld.jsyd.plnode.xyz. IN AAAA
10-16 14:18:53.136 22630 22704 D sing-box: [37mDEBUG[0m[0005] [[38;5;207m3321343167[0m 0ms] router: sniffed packet protocol: dns
10-16 14:18:53.136 22630 22701 D sing-box: [37mDEBUG[0m[0005] [[38;5;223m1569656328[0m 1ms] dns: match[1] domain=hyld.jsyd.plnode.xyz => route(dns-local)
10-16 14:18:53.137 22630 22704 D sing-box: [37mDEBUG[0m[0005] [[38;5;207m3321343167[0m 0ms] router: match[0] protocol=dns => hijack-dns
10-16 14:18:53.137 22630 22704 D sing-box: [37mDEBUG[0m[0005] [[38;5;207m3321343167[0m 1ms] dns: exchange hyld.jsyd.plnode.xyz. IN A
10-16 14:18:53.138 22630 22704 D sing-box: [37mDEBUG[0m[0005] [[38;5;207m3321343167[0m 1ms] dns: match[1] domain=hyld.jsyd.plnode.xyz => route(dns-local)
10-16 14:18:53.141 22630 22701 D sing-box: [36mINFO[0m[0005] [[38;5;228m996290010[0m 0ms] inbound/tun[tun-in]: inbound packet connection from 172.19.0.1:18786
10-16 14:18:53.141 22630 22704 D sing-box: [36mINFO[0m[0005] [[38;5;143m4149345663[0m 0ms] inbound/tun[tun-in]: inbound packet connection from 172.19.0.1:25439
10-16 14:18:53.141 22630 22701 D sing-box: [36mINFO[0m[0005] [[38;5;228m996290010[0m 0ms] inbound/tun[tun-in]: inbound packet connection to 114.114.114.114:53
10-16 14:18:53.141 22630 22704 D sing-box: [36mINFO[0m[0005] [[38;5;143m4149345663[0m 0ms] inbound/tun[tun-in]: inbound packet connection to 114.114.114.114:53
10-16 14:18:53.141 22630 22704 D sing-box: [37mDEBUG[0m[0005] [[38;5;143m4149345663[0m 0ms] router: sniffed packet protocol: dns
10-16 14:18:53.141 22630 22701 D sing-box: [37mDEBUG[0m[0005] [[38;5;228m996290010[0m 0ms] router: sniffed packet protocol: dns
10-16 14:18:53.141 22630 22704 D sing-box: [37mDEBUG[0m[0005] [[38;5;143m4149345663[0m 0ms] router: match[0] protocol=dns => hijack-dns
10-16 14:18:53.141 22630 22688 D sing-box: [36mINFO[0m[0005] [[38;5;190m2296419758[0m 0ms] inbound/tun[tun-in]: inbound packet connection from 172.19.0.1:49638
10-16 14:18:53.141 22630 22704 D sing-box: [37mDEBUG[0m[0005] [[38;5;143m4149345663[0m 0ms] dns: exchange alt8-mtalk.google.com. IN A
10-16 14:18:53.142 22630 22688 D sing-box: [36mINFO[0m[0005] [[38;5;190m2296419758[0m 0ms] inbound/tun[tun-in]: inbound packet connection to 172.19.0.2:53
10-16 14:18:53.142 22630 22701 D sing-box: [37mDEBUG[0m[0005] [[38;5;228m996290010[0m 0ms] router: match[0] protocol=dns => hijack-dns
10-16 14:18:53.142 22630 22688 D sing-box: [37mDEBUG[0m[0005] [[38;5;190m2296419758[0m 1ms] router: sniffed packet protocol: dns
10-16 14:18:53.142 22630 22688 D sing-box: [37mDEBUG[0m[0005] [[38;5;190m2296419758[0m 1ms] router: match[0] protocol=dns => hijack-dns
10-16 14:18:53.142 22630 22701 D sing-box: [37mDEBUG[0m[0005] [[38;5;228m996290010[0m 1ms] dns: exchange alt8-mtalk.google.com. IN AAAA
10-16 14:18:53.143 22630 22688 D sing-box: [37mDEBUG[0m[0005] [[38;5;190m2296419758[0m 1ms] dns: exchange sugg.sogou.com. IN AAAA
10-16 14:18:53.143 22630 22688 D sing-box: [36mINFO[0m[0005] [[38;5;149m3367255685[0m 0ms] inbound/tun[tun-in]: inbound packet connection from 172.19.0.1:51512
10-16 14:18:53.144 22630 22687 D sing-box: [36mINFO[0m[0005] [[38;5;84m2062299795[0m 0ms] inbound/tun[tun-in]: inbound packet connection from 172.19.0.1:62013
10-16 14:18:53.144 22630 22687 D sing-box: [36mINFO[0m[0005] [[38;5;84m2062299795[0m 0ms] inbound/tun[tun-in]: inbound packet connection to 172.19.0.2:53
10-16 14:18:53.145 22630 22687 D sing-box: [37mDEBUG[0m[0005] [[38;5;84m2062299795[0m 1ms] router: sniffed packet protocol: dns
10-16 14:18:53.145 22630 22687 D sing-box: [37mDEBUG[0m[0005] [[38;5;84m2062299795[0m 1ms] router: match[0] protocol=dns => hijack-dns
10-16 14:18:53.146 22630 22687 D sing-box: [37mDEBUG[0m[0005] [[38;5;84m2062299795[0m 2ms] dns: exchange sugg.sogou.com. IN HTTPS
10-16 14:18:53.146 22630 22688 D sing-box: [36mINFO[0m[0005] [[38;5;149m3367255685[0m 0ms] inbound/tun[tun-in]: inbound packet connection to 172.19.0.2:53
10-16 14:18:53.147 22630 22688 D sing-box: [37mDEBUG[0m[0005] [[38;5;149m3367255685[0m 3ms] router: sniffed packet protocol: dns
10-16 14:18:53.147 22630 22688 D sing-box: [37mDEBUG[0m[0005] [[38;5;149m3367255685[0m 3ms] router: match[0] protocol=dns => hijack-dns
10-16 14:18:53.147 22630 22688 D sing-box: [37mDEBUG[0m[0005] [[38;5;149m3367255685[0m 3ms] dns: exchange sugg.sogou.com. IN A
10-16 14:18:53.283 22630 22687 D sing-box: [36mINFO[0m[0005] [[38;5;50m2394515234[0m 0ms] inbound/tun[tun-in]: inbound packet connection from 172.19.0.1:1150
10-16 14:18:53.283 22630 22687 D sing-box: [36mINFO[0m[0005] [[38;5;50m2394515234[0m 0ms] inbound/tun[tun-in]: inbound packet connection to 172.19.0.2:53
10-16 14:18:53.283 22630 22687 D sing-box: [37mDEBUG[0m[0005] [[38;5;50m2394515234[0m 0ms] router: sniffed packet protocol: dns
10-16 14:18:53.283 22630 22701 D sing-box: [36mINFO[0m[0005] [[38;5;193m41349553[0m 0ms] inbound/tun[tun-in]: inbound packet connection from 172.19.0.1:23458
10-16 14:18:53.283 22630 22687 D sing-box: [37mDEBUG[0m[0005] [[38;5;50m2394515234[0m 0ms] router: match[0] protocol=dns => hijack-dns
10-16 14:18:53.283 22630 22701 D sing-box: [36mINFO[0m[0005] [[38;5;193m41349553[0m 0ms] inbound/tun[tun-in]: inbound packet connection to 172.19.0.2:53
10-16 14:18:53.284 22630 22687 D sing-box: [37mDEBUG[0m[0005] [[38;5;50m2394515234[0m 0ms] dns: exchange www.baidu.com. IN AAAA
10-16 14:18:53.284 22630 22701 D sing-box: [37mDEBUG[0m[0005] [[38;5;193m41349553[0m 0ms] router: sniffed packet protocol: dns
10-16 14:18:53.284 22630 22701 D sing-box: [37mDEBUG[0m[0005] [[38;5;193m41349553[0m 0ms] router: match[0] protocol=dns => hijack-dns
10-16 14:18:53.284 22630 22701 D sing-box: [37mDEBUG[0m[0005] [[38;5;193m41349553[0m 0ms] dns: exchange www.baidu.com. IN A
10-16 14:18:53.284 22630 22681 D sing-box: [36mINFO[0m[0005] [[38;5;224m1739224583[0m 0ms] inbound/tun[tun-in]: inbound packet connection from 172.19.0.1:18358
10-16 14:18:53.284 22630 22681 D sing-box: [36mINFO[0m[0005] [[38;5;224m1739224583[0m 0ms] inbound/tun[tun-in]: inbound packet connection to 172.19.0.2:53
10-16 14:18:53.285 22630 22681 D sing-box: [37mDEBUG[0m[0005] [[38;5;224m1739224583[0m 0ms] router: sniffed packet protocol: dns
10-16 14:18:53.285 22630 22681 D sing-box: [37mDEBUG[0m[0005] [[38;5;224m1739224583[0m 0ms] router: match[0] protocol=dns => hijack-dns
10-16 14:18:53.285 22630 22681 D sing-box: [37mDEBUG[0m[0005] [[38;5;224m1739224583[0m 1ms] dns: exchange www.baidu.com. IN HTTPS
10-16 14:18:53.563 22630 22688 D sing-box: [36mINFO[0m[0005] [[38;5;223m2143933407[0m 0ms] inbound/tun[tun-in]: inbound packet connection from 172.19.0.1:9536
10-16 14:18:53.564 22630 22688 D sing-box: [36mINFO[0m[0005] [[38;5;223m2143933407[0m 0ms] inbound/tun[tun-in]: inbound packet connection to 172.19.0.2:53
10-16 14:18:53.564 22630 22688 D sing-box: [37mDEBUG[0m[0005] [[38;5;223m2143933407[0m 1ms] router: sniffed packet protocol: dns
10-16 14:18:53.564 22630 22687 D sing-box: [36mINFO[0m[0005] [[38;5;118m610272614[0m 0ms] inbound/tun[tun-in]: inbound packet connection from 172.19.0.1:37262
10-16 14:18:53.565 22630 22688 D sing-box: [37mDEBUG[0m[0005] [[38;5;223m2143933407[0m 1ms] router: match[0] protocol=dns => hijack-dns
10-16 14:18:53.565 22630 22687 D sing-box: [36mINFO[0m[0005] [[38;5;118m610272614[0m 0ms] inbound/tun[tun-in]: inbound packet connection to 172.19.0.2:53
10-16 14:18:53.565 22630 22688 D sing-box: [37mDEBUG[0m[0005] [[38;5;223m2143933407[0m 2ms] dns: exchange ws-keyboard.shouji.sogou.com. IN AAAA
10-16 14:18:53.565 22630 22687 D sing-box: [37mDEBUG[0m[0005] [[38;5;118m610272614[0m 0ms] router: sniffed packet protocol: dns
10-16 14:18:53.566 22630 22703 D sing-box: [37mDEBUG[0m[0005] [[38;5;118m610272614[0m 2ms] router: match[0] protocol=dns => hijack-dns
10-16 14:18:53.567 22630 22703 D sing-box: [37mDEBUG[0m[0005] [[38;5;118m610272614[0m 2ms] dns: exchange ws-keyboard.shouji.sogou.com. IN A
10-16 14:18:53.707 22630 22703 D sing-box: [36mINFO[0m[0005] [[38;5;191m2594353151[0m 0ms] inbound/tun[tun-in]: inbound packet connection from 172.19.0.1:30574
10-16 14:18:53.707 22630 22681 D sing-box: [36mINFO[0m[0005] [[38;5;231m2235462656[0m 0ms] inbound/tun[tun-in]: inbound packet connection from 172.19.0.1:23617
10-16 14:18:53.707 22630 22681 D sing-box: [36mINFO[0m[0005] [[38;5;231m2235462656[0m 0ms] inbound/tun[tun-in]: inbound packet connection to 172.19.0.2:53
10-16 14:18:53.707 22630 22703 D sing-box: [36mINFO[0m[0005] [[38;5;191m2594353151[0m 0ms] inbound/tun[tun-in]: inbound packet connection to 172.19.0.2:53
10-16 14:18:53.708 22630 22703 D sing-box: [37mDEBUG[0m[0005] [[38;5;191m2594353151[0m 0ms] router: sniffed packet protocol: dns
10-16 14:18:53.708 22630 22688 D sing-box: [36mINFO[0m[0005] [[38;5;39m3836824599[0m 0ms] inbound/tun[tun-in]: inbound packet connection from 172.19.0.1:57252
10-16 14:18:53.708 22630 22681 D sing-box: [37mDEBUG[0m[0005] [[38;5;231m2235462656[0m 0ms] router: sniffed packet protocol: dns
10-16 14:18:53.708 22630 22703 D sing-box: [37mDEBUG[0m[0005] [[38;5;191m2594353151[0m 1ms] router: match[0] protocol=dns => hijack-dns
10-16 14:18:53.708 22630 22688 D sing-box: [36mINFO[0m[0005] [[38;5;39m3836824599[0m 0ms] inbound/tun[tun-in]: inbound packet connection to 172.19.0.2:53
10-16 14:18:53.708 22630 22681 D sing-box: [37mDEBUG[0m[0005] [[38;5;231m2235462656[0m 0ms] router: match[0] protocol=dns => hijack-dns
10-16 14:18:53.708 22630 22688 D sing-box: [37mDEBUG[0m[0005] [[38;5;39m3836824599[0m 0ms] router: sniffed packet protocol: dns
10-16 14:18:53.708 22630 22703 D sing-box: [37mDEBUG[0m[0005] [[38;5;191m2594353151[0m 1ms] dns: exchange hpd.baidu.com. IN AAAA
10-16 14:18:53.708 22630 22681 D sing-box: [37mDEBUG[0m[0005] [[38;5;231m2235462656[0m 1ms] dns: exchange hpd.baidu.com. IN A
10-16 14:18:53.709 22630 22688 D sing-box: [37mDEBUG[0m[0005] [[38;5;39m3836824599[0m 0ms] router: match[0] protocol=dns => hijack-dns
10-16 14:18:53.709 22630 22688 D sing-box: [37mDEBUG[0m[0005] [[38;5;39m3836824599[0m 1ms] dns: exchange hpd.baidu.com. IN HTTPS
10-16 14:18:54.152 22630 22701 D sing-box: [36mINFO[0m[0006] [[38;5;206m1207997374[0m 0ms] inbound/tun[tun-in]: inbound packet connection from 172.19.0.1:9411
10-16 14:18:54.153 22630 22681 D sing-box: [36mINFO[0m[0006] [[38;5;33m3587540497[0m 0ms] inbound/tun[tun-in]: inbound packet connection from 172.19.0.1:54987
10-16 14:18:54.153 22630 22701 D sing-box: [36mINFO[0m[0006] [[38;5;206m1207997374[0m 0ms] inbound/tun[tun-in]: inbound packet connection to 172.19.0.2:53
10-16 14:18:54.153 22630 22681 D sing-box: [36mINFO[0m[0006] [[38;5;33m3587540497[0m 0ms] inbound/tun[tun-in]: inbound packet connection to 172.19.0.2:53
10-16 14:18:54.153 22630 22701 D sing-box: [37mDEBUG[0m[0006] [[38;5;206m1207997374[0m 0ms] router: sniffed packet protocol: dns
10-16 14:18:54.154 22630 22701 D sing-box: [37mDEBUG[0m[0006] [[38;5;206m1207997374[0m 0ms] router: match[0] protocol=dns => hijack-dns
10-16 14:18:54.154 22630 22687 D sing-box: [36mINFO[0m[0006] [[38;5;110m3347439710[0m 0ms] inbound/tun[tun-in]: inbound packet connection from 172.19.0.1:16195
10-16 14:18:54.154 22630 22681 D sing-box: [37mDEBUG[0m[0006] [[38;5;33m3587540497[0m 0ms] router: sniffed packet protocol: dns
10-16 14:18:54.154 22630 22687 D sing-box: [36mINFO[0m[0006] [[38;5;110m3347439710[0m 0ms] inbound/tun[tun-in]: inbound packet connection to 172.19.0.2:53
10-16 14:18:54.155 22630 22701 D sing-box: [37mDEBUG[0m[0006] [[38;5;206m1207997374[0m 2ms] dns: exchange sugg.sogou.com. IN AAAA
10-16 14:18:54.155 22630 22687 D sing-box: [37mDEBUG[0m[0006] [[38;5;110m3347439710[0m 1ms] router: sniffed packet protocol: dns
10-16 14:18:54.155 22630 22681 D sing-box: [37mDEBUG[0m[0006] [[38;5;33m3587540497[0m 1ms] router: match[0] protocol=dns => hijack-dns
10-16 14:18:54.155 22630 22687 D sing-box: [37mDEBUG[0m[0006] [[38;5;110m3347439710[0m 1ms] router: match[0] protocol=dns => hijack-dns
10-16 14:18:54.155 22630 22681 D sing-box: [37mDEBUG[0m[0006] [[38;5;33m3587540497[0m 2ms] dns: exchange sugg.sogou.com. IN A
10-16 14:18:54.155 22630 22687 D sing-box: [37mDEBUG[0m[0006] [[38;5;110m3347439710[0m 1ms] dns: exchange sugg.sogou.com. IN HTTPS
10-16 14:18:54.355 22630 22687 D sing-box: [36mINFO[0m[0006] [[38;5;155m2797510732[0m 0ms] inbound/tun[tun-in]: inbound packet connection from 172.19.0.1:60474
10-16 14:18:54.356 22630 22687 D sing-box: [36mINFO[0m[0006] [[38;5;155m2797510732[0m 0ms] inbound/tun[tun-in]: inbound packet connection to 172.19.0.2:53
10-16 14:18:54.356 22630 22687 D sing-box: [37mDEBUG[0m[0006] [[38;5;155m2797510732[0m 1ms] router: sniffed packet protocol: dns
10-16 14:18:54.356 22630 22687 D sing-box: [37mDEBUG[0m[0006] [[38;5;155m2797510732[0m 1ms] router: match[0] protocol=dns => hijack-dns
10-16 14:18:54.357 22630 22687 D sing-box: [37mDEBUG[0m[0006] [[38;5;155m2797510732[0m 1ms] dns: exchange content-autofill.googleapis.com. IN AAAA
10-16 14:18:54.358 22630 22687 D sing-box: [36mINFO[0m[0006] [[38;5;103m3084211799[0m 0ms] inbound/tun[tun-in]: inbound packet connection from 172.19.0.1:12003
10-16 14:18:54.358 22630 22687 D sing-box: [36mINFO[0m[0006] [[38;5;103m3084211799[0m 0ms] inbound/tun[tun-in]: inbound packet connection to 172.19.0.2:53
10-16 14:18:54.359 22630 22687 D sing-box: [37mDEBUG[0m[0006] [[38;5;103m3084211799[0m 0ms] router: sniffed packet protocol: dns
10-16 14:18:54.359 22630 22687 D sing-box: [37mDEBUG[0m[0006] [[38;5;103m3084211799[0m 0ms] router: match[0] protocol=dns => hijack-dns
10-16 14:18:54.359 22630 22687 D sing-box: [37mDEBUG[0m[0006] [[38;5;103m3084211799[0m 1ms] dns: exchange content-autofill.googleapis.com. IN A
10-16 14:18:54.360 22630 22703 D sing-box: [36mINFO[0m[0006] [[38;5;86m3909931590[0m 0ms] inbound/tun[tun-in]: inbound packet connection from 172.19.0.1:45956
10-16 14:18:54.360 22630 22703 D sing-box: [36mINFO[0m[0006] [[38;5;86m3909931590[0m 0ms] inbound/tun[tun-in]: inbound packet connection to 172.19.0.2:53
10-16 14:18:54.360 22630 22703 D sing-box: [37mDEBUG[0m[0006] [[38;5;86m3909931590[0m 0ms] router: sniffed packet protocol: dns
10-16 14:18:54.361 22630 22703 D sing-box: [37mDEBUG[0m[0006] [[38;5;86m3909931590[0m 0ms] router: match[0] protocol=dns => hijack-dns
10-16 14:18:54.361 22630 22703 D sing-box: [37mDEBUG[0m[0006] [[38;5;86m3909931590[0m 0ms] dns: exchange sv.bdstatic.com. IN AAAA
10-16 14:18:54.362 22630 22703 D sing-box: [36mINFO[0m[0006] [[38;5;226m2113001170[0m 0ms] inbound/tun[tun-in]: inbound packet connection from 172.19.0.1:28288
10-16 14:18:54.362 22630 22703 D sing-box: [36mINFO[0m[0006] [[38;5;226m2113001170[0m 0ms] inbound/tun[tun-in]: inbound packet connection to 172.19.0.2:53
10-16 14:18:54.362 22630 22703 D sing-box: [37mDEBUG[0m[0006] [[38;5;226m2113001170[0m 0ms] router: sniffed packet protocol: dns
10-16 14:18:54.362 22630 22703 D sing-box: [37mDEBUG[0m[0006] [[38;5;226m2113001170[0m 0ms] router: match[0] protocol=dns => hijack-dns
10-16 14:18:54.362 22630 22687 D sing-box: [36mINFO[0m[0006] [[38;5;48m3438033184[0m 0ms] inbound/tun[tun-in]: inbound packet connection from 172.19.0.1:25602
10-16 14:18:54.362 22630 22703 D sing-box: [37mDEBUG[0m[0006] [[38;5;226m2113001170[0m 0ms] dns: exchange gss0.bdstatic.com. IN A
10-16 14:18:54.362 22630 22687 D sing-box: [36mINFO[0m[0006] [[38;5;48m3438033184[0m 0ms] inbound/tun[tun-in]: inbound packet connection to 172.19.0.2:53
10-16 14:18:54.363 22630 22704 D sing-box: [36mINFO[0m[0006] [[38;5;41m1267366425[0m 0ms] inbound/tun[tun-in]: inbound packet connection from 172.19.0.1:40488
10-16 14:18:54.363 22630 22704 D sing-box: [36mINFO[0m[0006] [[38;5;41m1267366425[0m 0ms] inbound/tun[tun-in]: inbound packet connection to 172.19.0.2:53
10-16 14:18:54.363 22630 22687 D sing-box: [37mDEBUG[0m[0006] [[38;5;48m3438033184[0m 0ms] router: sniffed packet protocol: dns
10-16 14:18:54.363 22630 22704 D sing-box: [37mDEBUG[0m[0006] [[38;5;41m1267366425[0m 0ms] router: sniffed packet protocol: dns
10-16 14:18:54.363 22630 22704 D sing-box: [37mDEBUG[0m[0006] [[38;5;41m1267366425[0m 0ms] router: match[0] protocol=dns => hijack-dns
10-16 14:18:54.363 22630 22687 D sing-box: [37mDEBUG[0m[0006] [[38;5;48m3438033184[0m 0ms] router: match[0] protocol=dns => hijack-dns
10-16 14:18:54.363 22630 22704 D sing-box: [37mDEBUG[0m[0006] [[38;5;41m1267366425[0m 0ms] dns: exchange sv.bdstatic.com. IN A
10-16 14:18:54.364 22630 22687 D sing-box: [37mDEBUG[0m[0006] [[38;5;48m3438033184[0m 1ms] dns: exchange gss0.bdstatic.com. IN AAAA
10-16 14:18:54.911 22630 22687 D sing-box: [36mINFO[0m[0006] [[38;5;64m2969948976[0m 0ms] inbound/tun[tun-in]: inbound packet connection from 172.19.0.1:55145
10-16 14:18:54.912 22630 22687 D sing-box: [36mINFO[0m[0006] [[38;5;64m2969948976[0m 0ms] inbound/tun[tun-in]: inbound packet connection to 172.19.0.2:53
10-16 14:18:54.912 22630 22687 D sing-box: [37mDEBUG[0m[0006] [[38;5;64m2969948976[0m 0ms] router: sniffed packet protocol: dns
10-16 14:18:54.912 22630 22687 D sing-box: [37mDEBUG[0m[0006] [[38;5;64m2969948976[0m 1ms] router: match[0] protocol=dns => hijack-dns
10-16 14:18:54.912 22630 22687 D sing-box: [37mDEBUG[0m[0006] [[38;5;64m2969948976[0m 1ms] dns: exchange h2tcbox.baidu.com. IN AAAA
10-16 14:18:54.914 22630 22687 D sing-box: [36mINFO[0m[0006] [[38;5;209m3133695681[0m 0ms] inbound/tun[tun-in]: inbound packet connection from 172.19.0.1:20087
10-16 14:18:54.914 22630 22687 D sing-box: [36mINFO[0m[0006] [[38;5;209m3133695681[0m 0ms] inbound/tun[tun-in]: inbound packet connection to 172.19.0.2:53
10-16 14:18:54.914 22630 22687 D sing-box: [37mDEBUG[0m[0006] [[38;5;209m3133695681[0m 0ms] router: sniffed packet protocol: dns
10-16 14:18:54.914 22630 22687 D sing-box: [37mDEBUG[0m[0006] [[38;5;209m3133695681[0m 0ms] router: match[0] protocol=dns => hijack-dns
10-16 14:18:54.914 22630 22687 D sing-box: [37mDEBUG[0m[0006] [[38;5;209m3133695681[0m 0ms] dns: exchange h2tcbox.baidu.com. IN A
10-16 14:18:55.306 22630 22687 D sing-box: [36mINFO[0m[0007] [[38;5;216m1525012680[0m 0ms] inbound/tun[tun-in]: inbound packet connection from 172.19.0.1:18662
10-16 14:18:55.306 22630 22687 D sing-box: [36mINFO[0m[0007] [[38;5;216m1525012680[0m 0ms] inbound/tun[tun-in]: inbound packet connection to 172.19.0.2:53
10-16 14:18:55.306 22630 22687 D sing-box: [37mDEBUG[0m[0007] [[38;5;216m1525012680[0m 0ms] router: sniffed packet protocol: dns
10-16 14:18:55.307 22630 22687 D sing-box: [37mDEBUG[0m[0007] [[38;5;216m1525012680[0m 0ms] router: match[0] protocol=dns => hijack-dns
10-16 14:18:55.307 22630 22687 D sing-box: [37mDEBUG[0m[0007] [[38;5;216m1525012680[0m 1ms] dns: exchange www.baidu.com. IN AAAA
10-16 14:18:55.307 22630 22687 D sing-box: [36mINFO[0m[0007] [[38;5;230m2706120705[0m 0ms] inbound/tun[tun-in]: inbound packet connection from 172.19.0.1:50780
10-16 14:18:55.307 22630 22687 D sing-box: [36mINFO[0m[0007] [[38;5;230m2706120705[0m 0ms] inbound/tun[tun-in]: inbound packet connection to 172.19.0.2:53
10-16 14:18:55.308 22630 22687 D sing-box: [37mDEBUG[0m[0007] [[38;5;230m2706120705[0m 0ms] router: sniffed packet protocol: dns
10-16 14:18:55.308 22630 22687 D sing-box: [37mDEBUG[0m[0007] [[38;5;230m2706120705[0m 0ms] router: match[0] protocol=dns => hijack-dns
10-16 14:18:55.308 22630 22687 D sing-box: [37mDEBUG[0m[0007] [[38;5;230m2706120705[0m 0ms] dns: exchange www.baidu.com. IN A
10-16 14:18:55.310 22630 22703 D sing-box: [36mINFO[0m[0007] [[38;5;175m186479519[0m 0ms] inbound/tun[tun-in]: inbound packet connection from 172.19.0.1:14161
10-16 14:18:55.310 22630 22703 D sing-box: [36mINFO[0m[0007] [[38;5;175m186479519[0m 0ms] inbound/tun[tun-in]: inbound packet connection to 114.114.114.114:53
10-16 14:18:55.310 22630 22703 D sing-box: [37mDEBUG[0m[0007] [[38;5;175m186479519[0m 0ms] router: sniffed packet protocol: dns
10-16 14:18:55.310 22630 22703 D sing-box: [37mDEBUG[0m[0007] [[38;5;175m186479519[0m 0ms] router: match[0] protocol=dns => hijack-dns
10-16 14:18:55.311 22630 22703 D sing-box: [37mDEBUG[0m[0007] [[38;5;175m186479519[0m 0ms] dns: exchange api.mcc.miui.com. IN AAAA
10-16 14:18:55.311 22630 22687 D sing-box: [36mINFO[0m[0007] [[38;5;171m507160987[0m 0ms] inbound/tun[tun-in]: inbound packet connection from 172.19.0.1:50356
10-16 14:18:55.311 22630 22687 D sing-box: [36mINFO[0m[0007] [[38;5;171m507160987[0m 0ms] inbound/tun[tun-in]: inbound packet connection to 114.114.114.114:53
10-16 14:18:55.311 22630 22687 D sing-box: [37mDEBUG[0m[0007] [[38;5;171m507160987[0m 0ms] router: sniffed packet protocol: dns
10-16 14:18:55.311 22630 22687 D sing-box: [37mDEBUG[0m[0007] [[38;5;171m507160987[0m 0ms] router: match[0] protocol=dns => hijack-dns
10-16 14:18:55.311 22630 22687 D sing-box: [37mDEBUG[0m[0007] [[38;5;171m507160987[0m 0ms] dns: exchange api.mcc.miui.com. IN A
10-16 14:18:55.731 22630 22687 D sing-box: [36mINFO[0m[0007] [[38;5;76m4234865724[0m 0ms] inbound/tun[tun-in]: inbound packet connection from 172.19.0.1:7235
10-16 14:18:55.731 22630 22687 D sing-box: [36mINFO[0m[0007] [[38;5;76m4234865724[0m 0ms] inbound/tun[tun-in]: inbound packet connection to 172.19.0.2:53
10-16 14:18:55.732 22630 22687 D sing-box: [37mDEBUG[0m[0007] [[38;5;76m4234865724[0m 1ms] router: sniffed packet protocol: dns
10-16 14:18:55.732 22630 22687 D sing-box: [37mDEBUG[0m[0007] [[38;5;76m4234865724[0m 1ms] router: match[0] protocol=dns => hijack-dns
10-16 14:18:55.732 22630 22687 D sing-box: [37mDEBUG[0m[0007] [[38;5;76m4234865724[0m 1ms] dns: exchange hpd.baidu.com. IN AAAA
10-16 14:18:55.733 22630 22704 D sing-box: [36mINFO[0m[0007] [[38;5;116m161904484[0m 0ms] inbound/tun[tun-in]: inbound packet connection from 172.19.0.1:58410
10-16 14:18:55.733 22630 22704 D sing-box: [36mINFO[0m[0007] [[38;5;116m161904484[0m 0ms] inbound/tun[tun-in]: inbound packet connection to 172.19.0.2:53
10-16 14:18:55.733 22630 22704 D sing-box: [37mDEBUG[0m[0007] [[38;5;116m161904484[0m 0ms] router: sniffed packet protocol: dns
10-16 14:18:55.734 22630 22704 D sing-box: [37mDEBUG[0m[0007] [[38;5;116m161904484[0m 0ms] router: match[0] protocol=dns => hijack-dns
10-16 14:18:55.734 22630 22704 D sing-box: [37mDEBUG[0m[0007] [[38;5;116m161904484[0m 0ms] dns: exchange hpd.baidu.com. IN A
10-16 14:18:55.809 22630 22688 D sing-box: [36mINFO[0m[0007] [[38;5;117m3623065445[0m 0ms] inbound/tun[tun-in]: inbound packet connection from 172.19.0.1:17710
10-16 14:18:55.810 22630 22688 D sing-box: [36mINFO[0m[0007] [[38;5;117m3623065445[0m 0ms] inbound/tun[tun-in]: inbound packet connection to 172.19.0.2:53
10-16 14:18:55.810 22630 22688 D sing-box: [37mDEBUG[0m[0007] [[38;5;117m3623065445[0m 0ms] router: sniffed packet protocol: dns
10-16 14:18:55.810 22630 22688 D sing-box: [37mDEBUG[0m[0007] [[38;5;117m3623065445[0m 0ms] router: match[0] protocol=dns => hijack-dns
10-16 14:18:55.810 22630 22688 D sing-box: [37mDEBUG[0m[0007] [[38;5;117m3623065445[0m 1ms] dns: exchange zxid-m.mobileservice.cn. IN AAAA
10-16 14:18:55.811 22630 22687 D sing-box: [36mINFO[0m[0007] [[38;5;227m2598509787[0m 0ms] inbound/tun[tun-in]: inbound packet connection from 172.19.0.1:60016
10-16 14:18:55.811 22630 22687 D sing-box: [36mINFO[0m[0007] [[38;5;227m2598509787[0m 0ms] inbound/tun[tun-in]: inbound packet connection to 172.19.0.2:53
10-16 14:18:55.811 22630 22687 D sing-box: [37mDEBUG[0m[0007] [[38;5;227m2598509787[0m 0ms] router: sniffed packet protocol: dns
10-16 14:18:55.811 22630 22687 D sing-box: [37mDEBUG[0m[0007] [[38;5;227m2598509787[0m 0ms] router: match[0] protocol=dns => hijack-dns
10-16 14:18:55.811 22630 22687 D sing-box: [37mDEBUG[0m[0007] [[38;5;227m2598509787[0m 0ms] dns: exchange zxid-m.mobileservice.cn. IN A
10-16 14:18:56.177 22630 22704 D sing-box: [36mINFO[0m[0008] [[38;5;40m3690009112[0m 0ms] inbound/tun[tun-in]: inbound packet connection from 172.19.0.1:13379
10-16 14:18:56.178 22630 22704 D sing-box: [36mINFO[0m[0008] [[38;5;40m3690009112[0m 0ms] inbound/tun[tun-in]: inbound packet connection to 172.19.0.2:53
10-16 14:18:56.178 22630 22704 D sing-box: [37mDEBUG[0m[0008] [[38;5;40m3690009112[0m 1ms] router: sniffed packet protocol: dns
10-16 14:18:56.178 22630 22704 D sing-box: [37mDEBUG[0m[0008] [[38;5;40m3690009112[0m 1ms] router: match[0] protocol=dns => hijack-dns
10-16 14:18:56.178 22630 22704 D sing-box: [37mDEBUG[0m[0008] [[38;5;40m3690009112[0m 1ms] dns: exchange sugg.sogou.com. IN AAAA
10-16 14:18:56.179 22630 22688 D sing-box: [36mINFO[0m[0008] [[38;5;69m215027509[0m 0ms] inbound/tun[tun-in]: inbound packet connection from 172.19.0.1:62315
10-16 14:18:56.179 22630 22688 D sing-box: [36mINFO[0m[0008] [[38;5;69m215027509[0m 0ms] inbound/tun[tun-in]: inbound packet connection to 172.19.0.2:53
10-16 14:18:56.179 22630 22688 D sing-box: [37mDEBUG[0m[0008] [[38;5;69m215027509[0m 0ms] router: sniffed packet protocol: dns
10-16 14:18:56.179 22630 22688 D sing-box: [37mDEBUG[0m[0008] [[38;5;69m215027509[0m 0ms] router: match[0] protocol=dns => hijack-dns
10-16 14:18:56.179 22630 22688 D sing-box: [37mDEBUG[0m[0008] [[38;5;69m215027509[0m 0ms] dns: exchange sugg.sogou.com. IN A
10-16 14:18:56.227 22630 22704 D sing-box: [36mINFO[0m[0008] [[38;5;46m1300267038[0m 0ms] inbound/tun[tun-in]: inbound packet connection from 172.19.0.1:38176
10-16 14:18:56.227 22630 22704 D sing-box: [36mINFO[0m[0008] [[38;5;46m1300267038[0m 1ms] inbound/tun[tun-in]: inbound packet connection to 114.114.114.114:53
10-16 14:18:56.228 22630 22704 D sing-box: [37mDEBUG[0m[0008] [[38;5;46m1300267038[0m 1ms] router: sniffed packet protocol: dns
10-16 14:18:56.228 22630 22704 D sing-box: [37mDEBUG[0m[0008] [[38;5;46m1300267038[0m 2ms] router: match[0] protocol=dns => hijack-dns
10-16 14:18:56.229 22630 22687 D sing-box: [36mINFO[0m[0008] [[38;5;116m3896096612[0m 0ms] inbound/tun[tun-in]: inbound packet connection from 172.19.0.1:44519
10-16 14:18:56.229 22630 22704 D sing-box: [37mDEBUG[0m[0008] [[38;5;46m1300267038[0m 2ms] dns: exchange app.market.xiaomi.com. IN AAAA
10-16 14:18:56.229 22630 22687 D sing-box: [36mINFO[0m[0008] [[38;5;116m3896096612[0m 0ms] inbound/tun[tun-in]: inbound packet connection to 114.114.114.114:53
10-16 14:18:56.230 22630 22687 D sing-box: [37mDEBUG[0m[0008] [[38;5;116m3896096612[0m 1ms] router: sniffed packet protocol: dns
10-16 14:18:56.230 22630 22687 D sing-box: [37mDEBUG[0m[0008] [[38;5;116m3896096612[0m 1ms] router: match[0] protocol=dns => hijack-dns
10-16 14:18:56.230 22630 22687 D sing-box: [37mDEBUG[0m[0008] [[38;5;116m3896096612[0m 1ms] dns: exchange app.market.xiaomi.com. IN A
10-16 14:18:56.326 22630 22703 D sing-box: [36mINFO[0m[0008] [[38;5;63m3256374831[0m 0ms] inbound/tun[tun-in]: inbound packet connection from 172.19.0.1:15753
10-16 14:18:56.326 22630 22703 D sing-box: [36mINFO[0m[0008] [[38;5;63m3256374831[0m 0ms] inbound/tun[tun-in]: inbound packet connection to 114.114.114.114:53
10-16 14:18:56.327 22630 22703 D sing-box: [37mDEBUG[0m[0008] [[38;5;63m3256374831[0m 1ms] router: sniffed packet protocol: dns
10-16 14:18:56.327 22630 22703 D sing-box: [37mDEBUG[0m[0008] [[38;5;63m3256374831[0m 1ms] router: match[0] protocol=dns => hijack-dns
10-16 14:18:56.328 22630 22703 D sing-box: [37mDEBUG[0m[0008] [[38;5;63m3256374831[0m 2ms] dns: exchange android.googleapis.com. IN AAAA
10-16 14:18:56.337 22630 22704 D sing-box: [36mINFO[0m[0008] [[38;5;188m1729007659[0m 0ms] inbound/tun[tun-in]: inbound packet connection from 172.19.0.1:25626
10-16 14:18:56.338 22630 22704 D sing-box: [36mINFO[0m[0008] [[38;5;188m1729007659[0m 0ms] inbound/tun[tun-in]: inbound packet connection to 114.114.114.114:53
10-16 14:18:56.338 22630 22704 D sing-box: [37mDEBUG[0m[0008] [[38;5;188m1729007659[0m 1ms] router: sniffed packet protocol: dns
10-16 14:18:56.339 22630 22704 D sing-box: [37mDEBUG[0m[0008] [[38;5;188m1729007659[0m 1ms] router: match[0] protocol=dns => hijack-dns
10-16 14:18:56.339 22630 22704 D sing-box: [37mDEBUG[0m[0008] [[38;5;188m1729007659[0m 1ms] dns: exchange android.googleapis.com. IN A
10-16 14:18:56.501 22630 22704 D sing-box: [36mINFO[0m[0008] [[38;5;37m3906082837[0m 0ms] inbound/tun[tun-in]: inbound packet connection from 172.19.0.1:31817
10-16 14:18:56.501 22630 22704 D sing-box: [36mINFO[0m[0008] [[38;5;37m3906082837[0m 0ms] inbound/tun[tun-in]: inbound packet connection to 114.114.114.114:53
10-16 14:18:56.502 22630 22704 D sing-box: [37mDEBUG[0m[0008] [[38;5;37m3906082837[0m 1ms] router: sniffed packet protocol: dns
10-16 14:18:56.503 22630 22704 D sing-box: [37mDEBUG[0m[0008] [[38;5;37m3906082837[0m 2ms] router: match[0] protocol=dns => hijack-dns
10-16 14:18:56.503 22630 22704 D sing-box: [37mDEBUG[0m[0008] [[38;5;37m3906082837[0m 2ms] dns: exchange ha.browser.miui.com. IN AAAA
10-16 14:18:56.505 22630 22703 D sing-box: [36mINFO[0m[0008] [[38;5;190m2557253161[0m 0ms] inbound/tun[tun-in]: inbound packet connection from 172.19.0.1:5052
10-16 14:18:56.506 22630 22703 D sing-box: [36mINFO[0m[0008] [[38;5;190m2557253161[0m 0ms] inbound/tun[tun-in]: inbound packet connection to 114.114.114.114:53
10-16 14:18:56.507 22630 22703 D sing-box: [37mDEBUG[0m[0008] [[38;5;190m2557253161[0m 1ms] router: sniffed packet protocol: dns
10-16 14:18:56.507 22630 22703 D sing-box: [37mDEBUG[0m[0008] [[38;5;190m2557253161[0m 2ms] router: match[0] protocol=dns => hijack-dns
10-16 14:18:56.508 22630 22703 D sing-box: [37mDEBUG[0m[0008] [[38;5;190m2557253161[0m 2ms] dns: exchange ha.browser.miui.com. IN A
10-16 14:18:57.084 22630 22704 D sing-box: [36mINFO[0m[0009] [[38;5;28m3980215267[0m 0ms] inbound/tun[tun-in]: inbound packet connection from 172.19.0.1:32901
10-16 14:18:57.085 22630 22688 D sing-box: [36mINFO[0m[0009] [[38;5;212m3327921092[0m 0ms] inbound/tun[tun-in]: inbound packet connection from 172.19.0.1:59425
10-16 14:18:57.085 22630 22704 D sing-box: [36mINFO[0m[0009] [[38;5;28m3980215267[0m 1ms] inbound/tun[tun-in]: inbound packet connection to 114.114.114.114:53
10-16 14:18:57.085 22630 22688 D sing-box: [36mINFO[0m[0009] [[38;5;212m3327921092[0m 0ms] inbound/tun[tun-in]: inbound packet connection to 114.114.114.114:53
10-16 14:18:57.085 22630 22704 D sing-box: [37mDEBUG[0m[0009] [[38;5;28m3980215267[0m 1ms] router: sniffed packet protocol: dns
10-16 14:18:57.086 22630 22688 D sing-box: [37mDEBUG[0m[0009] [[38;5;212m3327921092[0m 1ms] router: sniffed packet protocol: dns
10-16 14:18:57.086 22630 22704 D sing-box: [37mDEBUG[0m[0009] [[38;5;28m3980215267[0m 2ms] router: match[0] protocol=dns => hijack-dns
10-16 14:18:57.086 22630 22688 D sing-box: [37mDEBUG[0m[0009] [[38;5;212m3327921092[0m 1ms] router: match[0] protocol=dns => hijack-dns
10-16 14:18:57.087 22630 22688 D sing-box: [37mDEBUG[0m[0009] [[38;5;212m3327921092[0m 2ms] dns: exchange afdconf.baidu.com. IN A
10-16 14:18:57.087 22630 22704 D sing-box: [37mDEBUG[0m[0009] [[38;5;28m3980215267[0m 2ms] dns: exchange afdconf.baidu.com. IN AAAA
10-16 14:18:57.135 22630 22704 D sing-box: [36mINFO[0m[0009] [[38;5;101m1183177301[0m 0ms] inbound/tun[tun-in]: inbound packet connection from 172.19.0.1:10897
10-16 14:18:57.135 22630 22704 D sing-box: [36mINFO[0m[0009] [[38;5;101m1183177301[0m 0ms] inbound/tun[tun-in]: inbound packet connection to 114.114.114.114:53
10-16 14:18:57.135 22630 22688 D sing-box: [36mINFO[0m[0009] [[38;5;157m99426701[0m 0ms] inbound/tun[tun-in]: inbound packet connection from 172.19.0.1:51960
10-16 14:18:57.136 22630 22688 D sing-box: [36mINFO[0m[0009] [[38;5;157m99426701[0m 0ms] inbound/tun[tun-in]: inbound packet connection to 114.114.114.114:53
10-16 14:18:57.136 22630 22704 D sing-box: [37mDEBUG[0m[0009] [[38;5;101m1183177301[0m 1ms] router: sniffed packet protocol: dns
10-16 14:18:57.136 22630 22704 D sing-box: [37mDEBUG[0m[0009] [[38;5;101m1183177301[0m 1ms] router: match[0] protocol=dns => hijack-dns
10-16 14:18:57.136 22630 22688 D sing-box: [37mDEBUG[0m[0009] [[38;5;157m99426701[0m 1ms] router: sniffed packet protocol: dns
10-16 14:18:57.136 22630 22704 D sing-box: [37mDEBUG[0m[0009] [[38;5;101m1183177301[0m 2ms] dns: exchange pn.baidu.com. IN AAAA
10-16 14:18:57.137 22630 22688 D sing-box: [37mDEBUG[0m[0009] [[38;5;157m99426701[0m 1ms] router: match[0] protocol=dns => hijack-dns
10-16 14:18:57.137 22630 22688 D sing-box: [37mDEBUG[0m[0009] [[38;5;157m99426701[0m 2ms] dns: exchange pn.baidu.com. IN A
10-16 14:18:57.541 22630 22681 D sing-box: [36mINFO[0m[0009] [[38;5;98m4130795858[0m 0ms] inbound/tun[tun-in]: inbound packet connection from 172.19.0.1:2467
10-16 14:18:57.542 22630 22681 D sing-box: [36mINFO[0m[0009] [[38;5;98m4130795858[0m 0ms] inbound/tun[tun-in]: inbound packet connection to 114.114.114.114:53
10-16 14:18:57.542 22630 22681 D sing-box: [37mDEBUG[0m[0009] [[38;5;98m4130795858[0m 1ms] router: sniffed packet protocol: dns
10-16 14:18:57.543 22630 22681 D sing-box: [37mDEBUG[0m[0009] [[38;5;98m4130795858[0m 1ms] router: match[0] protocol=dns => hijack-dns
10-16 14:18:57.543 22630 22681 D sing-box: [37mDEBUG[0m[0009] [[38;5;98m4130795858[0m 2ms] dns: exchange sdk-open-phone.getui.com. IN AAAA
10-16 14:18:57.545 22630 22704 D sing-box: [36mINFO[0m[0009] [[38;5;170m2879104410[0m 0ms] inbound/tun[tun-in]: inbound packet connection from 172.19.0.1:27564
10-16 14:18:57.545 22630 22704 D sing-box: [36mINFO[0m[0009] [[38;5;170m2879104410[0m 0ms] inbound/tun[tun-in]: inbound packet connection to 114.114.114.114:53
10-16 14:18:57.545 22630 22704 D sing-box: [37mDEBUG[0m[0009] [[38;5;170m2879104410[0m 0ms] router: sniffed packet protocol: dns
10-16 14:18:57.545 22630 22704 D sing-box: [37mDEBUG[0m[0009] [[38;5;170m2879104410[0m 0ms] router: match[0] protocol=dns => hijack-dns
10-16 14:18:57.546 22630 22704 D sing-box: [37mDEBUG[0m[0009] [[38;5;170m2879104410[0m 0ms] dns: exchange sdk-open-phone.getui.com. IN A
10-16 14:18:57.551 22630 22681 D sing-box: [36mINFO[0m[0009] [[38;5;104m2889086296[0m 0ms] inbound/tun[tun-in]: inbound packet connection from 172.19.0.1:13219
10-16 14:18:57.552 22630 22681 D sing-box: [36mINFO[0m[0009] [[38;5;104m2889086296[0m 0ms] inbound/tun[tun-in]: inbound packet connection to 114.114.114.114:53
10-16 14:18:57.552 22630 22681 D sing-box: [37mDEBUG[0m[0009] [[38;5;104m2889086296[0m 0ms] router: sniffed packet protocol: dns
10-16 14:18:57.552 22630 22681 D sing-box: [37mDEBUG[0m[0009] [[38;5;104m2889086296[0m 0ms] router: match[0] protocol=dns => hijack-dns
10-16 14:18:57.552 22630 22681 D sing-box: [37mDEBUG[0m[0009] [[38;5;104m2889086296[0m 0ms] dns: exchange aeventlog.beacon.qq.com. IN AAAA
10-16 14:18:57.553 22630 22681 D sing-box: [36mINFO[0m[0009] [[38;5;176m3618987680[0m 0ms] inbound/tun[tun-in]: inbound packet connection from 172.19.0.1:65187
10-16 14:18:57.553 22630 22681 D sing-box: [36mINFO[0m[0009] [[38;5;176m3618987680[0m 0ms] inbound/tun[tun-in]: inbound packet connection to 114.114.114.114:53
10-16 14:18:57.553 22630 22681 D sing-box: [37mDEBUG[0m[0009] [[38;5;176m3618987680[0m 0ms] router: sniffed packet protocol: dns
10-16 14:18:57.554 22630 22681 D sing-box: [37mDEBUG[0m[0009] [[38;5;176m3618987680[0m 0ms] router: match[0] protocol=dns => hijack-dns
10-16 14:18:57.554 22630 22681 D sing-box: [37mDEBUG[0m[0009] [[38;5;176m3618987680[0m 1ms] dns: exchange aeventlog.beacon.qq.com. IN A
10-16 14:18:57.587 22630 22704 D sing-box: [36mINFO[0m[0009] [[38;5;46m2413391646[0m 0ms] inbound/tun[tun-in]: inbound packet connection from 172.19.0.1:7539
10-16 14:18:57.587 22630 22704 D sing-box: [36mINFO[0m[0009] [[38;5;46m2413391646[0m 0ms] inbound/tun[tun-in]: inbound packet connection to 114.114.114.114:53
10-16 14:18:57.588 22630 22704 D sing-box: [37mDEBUG[0m[0009] [[38;5;46m2413391646[0m 0ms] router: sniffed packet protocol: dns
10-16 14:18:57.588 22630 22704 D sing-box: [37mDEBUG[0m[0009] [[38;5;46m2413391646[0m 1ms] router: match[0] protocol=dns => hijack-dns
10-16 14:18:57.588 22630 22704 D sing-box: [37mDEBUG[0m[0009] [[38;5;46m2413391646[0m 1ms] dns: exchange sdk.open.phone.igexin.com. IN AAAA
10-16 14:18:57.593 22630 22688 D sing-box: [36mINFO[0m[0009] [[38;5;36m258799380[0m 0ms] inbound/tun[tun-in]: inbound packet connection from 172.19.0.1:32445
10-16 14:18:57.593 22630 22688 D sing-box: [36mINFO[0m[0009] [[38;5;36m258799380[0m 0ms] inbound/tun[tun-in]: inbound packet connection to 114.114.114.114:53
10-16 14:18:57.594 22630 22688 D sing-box: [37mDEBUG[0m[0009] [[38;5;36m258799380[0m 1ms] router: sniffed packet protocol: dns
10-16 14:18:57.594 22630 22688 D sing-box: [37mDEBUG[0m[0009] [[38;5;36m258799380[0m 1ms] router: match[0] protocol=dns => hijack-dns
10-16 14:18:57.594 22630 22688 D sing-box: [37mDEBUG[0m[0009] [[38;5;36m258799380[0m 1ms] dns: exchange sdk.open.phone.igexin.com. IN A
10-16 14:18:58.119 22630 22687 D sing-box: [37mDEBUG[0m[0010] dns: lookup failed for hyld.jsyd.plnode.xyz: (exchange6: lookup hyld.jsyd.plnode.xyz: i/o timeout | exchange4: lookup hyld.jsyd.plnode.xyz: i/o timeout)
10-16 14:18:58.120 22630 22687 D sing-box: [31mERROR[0m[0010] [[38;5;177m2065853857[0m 10.0s] connection: open connection to 34.36.137.203:443 using outbound/hysteria2[proxy]: lookup hyld.jsyd.plnode.xyz: (exchange6: lookup hyld.jsyd.plnode.xyz: i/o timeout | exchange4: lookup hyld.jsyd.plnode.xyz: i/o timeout)
10-16 14:18:58.120 22630 22687 D sing-box: [37mDEBUG[0m[0010] dns: lookup domain hyld.jsyd.plnode.xyz
10-16 14:18:58.120 22630 22687 D sing-box: [37mDEBUG[0m[0010] dns: match[1] domain=hyld.jsyd.plnode.xyz => route(dns-local)
10-16 14:18:58.125 22630 22704 D sing-box: [36mINFO[0m[0010] [[38;5;172m1095782044[0m 0ms] inbound/tun[tun-in]: inbound connection from 172.19.0.1:43166
10-16 14:18:58.125 22630 22704 D sing-box: [36mINFO[0m[0010] [[38;5;172m1095782044[0m 0ms] inbound/tun[tun-in]: inbound connection to 34.36.137.203:443
10-16 14:18:58.126 22630 22704 D sing-box: [37mDEBUG[0m[0010] [[38;5;172m1095782044[0m 0ms] router: sniffed protocol: tls, domain: contile.services.mozilla.com
10-16 14:18:58.126 22630 22704 D sing-box: [36mINFO[0m[0010] [[38;5;172m1095782044[0m 1ms] outbound/hysteria2[proxy]: outbound connection to 34.36.137.203:443
10-16 14:18:58.140 22630 22701 D sing-box: [37mDEBUG[0m[0010] [[38;5;46m3498771230[0m 10.0s] dns: exchange hyld.jsyd.plnode.xyz. IN AAAA
10-16 14:18:58.140 22630 22681 D sing-box: [37mDEBUG[0m[0010] [[38;5;44m389383452[0m 10.0s] dns: exchange hyld.jsyd.plnode.xyz. IN A
10-16 14:18:58.140 22630 22701 D sing-box: [37mDEBUG[0m[0010] [[38;5;46m3498771230[0m 10.1s] dns: match[1] domain=hyld.jsyd.plnode.xyz => route(dns-local)
10-16 14:18:58.140 22630 22681 D sing-box: [37mDEBUG[0m[0010] [[38;5;44m389383452[0m 10.1s] dns: match[1] domain=hyld.jsyd.plnode.xyz => route(dns-local)
10-16 14:18:58.141 22630 22703 D sing-box: [37mDEBUG[0m[0010] [[38;5;157m317615178[0m 10.0s] dns: exchange alt8-mtalk.google.com. IN A
10-16 14:18:58.143 22630 22704 D sing-box: [37mDEBUG[0m[0010] [[38;5;118m583941489[0m 10.0s] dns: exchange alt8-mtalk.google.com. IN AAAA
10-16 14:18:58.570 22630 22704 D sing-box: [36mINFO[0m[0010] [[38;5;230m930058198[0m 0ms] inbound/tun[tun-in]: inbound packet connection from 172.19.0.1:47252
10-16 14:18:58.571 22630 22704 D sing-box: [36mINFO[0m[0010] [[38;5;230m930058198[0m 1ms] inbound/tun[tun-in]: inbound packet connection to 114.114.114.114:53
10-16 14:18:58.571 22630 22701 D sing-box: [36mINFO[0m[0010] [[38;5;201m3568558521[0m 0ms] inbound/tun[tun-in]: inbound packet connection from 172.19.0.1:23669
10-16 14:18:58.571 22630 22704 D sing-box: [37mDEBUG[0m[0010] [[38;5;230m930058198[0m 1ms] router: sniffed packet protocol: dns
10-16 14:18:58.572 22630 22701 D sing-box: [36mINFO[0m[0010] [[38;5;201m3568558521[0m 0ms] inbound/tun[tun-in]: inbound packet connection to 114.114.114.114:53
10-16 14:18:58.572 22630 22704 D sing-box: [37mDEBUG[0m[0010] [[38;5;230m930058198[0m 2ms] router: match[0] protocol=dns => hijack-dns
10-16 14:18:58.572 22630 22701 D sing-box: [37mDEBUG[0m[0010] [[38;5;201m3568558521[0m 1ms] router: sniffed packet protocol: dns
